Archive member included to satisfy reference by file (symbol)

c:/mounriver/mounriver_studio/toolchain/risc-v embedded gcc/bin/../lib/gcc/riscv-none-embed/8.2.0/rv32imacxw/ilp32\libgcc.a(save-restore.o)
                              ./userlib/proto.o (__riscv_save_8)
c:/mounriver/mounriver_studio/toolchain/risc-v embedded gcc/bin/../lib/gcc/riscv-none-embed/8.2.0/../../../../riscv-none-embed/lib/rv32imacxw/ilp32\libg_nano.a(lib_a-memcmp.o)
                              ./userlib/proto.o (memcmp)
c:/mounriver/mounriver_studio/toolchain/risc-v embedded gcc/bin/../lib/gcc/riscv-none-embed/8.2.0/../../../../riscv-none-embed/lib/rv32imacxw/ilp32\libg_nano.a(lib_a-memcpy.o)
                              ./userlib/proto.o (memcpy)
c:/mounriver/mounriver_studio/toolchain/risc-v embedded gcc/bin/../lib/gcc/riscv-none-embed/8.2.0/../../../../riscv-none-embed/lib/rv32imacxw/ilp32\libg_nano.a(lib_a-memmove.o)
                              ./userlib/proto.o (memmove)
c:/mounriver/mounriver_studio/toolchain/risc-v embedded gcc/bin/../lib/gcc/riscv-none-embed/8.2.0/../../../../riscv-none-embed/lib/rv32imacxw/ilp32\libg_nano.a(lib_a-memset.o)
                              ./userlib/proto.o (memset)
c:/mounriver/mounriver_studio/toolchain/risc-v embedded gcc/bin/../lib/gcc/riscv-none-embed/8.2.0/../../../../riscv-none-embed/lib/rv32imacxw/ilp32\libg_nano.a(lib_a-printf.o)
                              ./userlib/device_hw.o (printf)
c:/mounriver/mounriver_studio/toolchain/risc-v embedded gcc/bin/../lib/gcc/riscv-none-embed/8.2.0/../../../../riscv-none-embed/lib/rv32imacxw/ilp32\libg_nano.a(lib_a-snprintf.o)
                              ./User/main.o (snprintf)
c:/mounriver/mounriver_studio/toolchain/risc-v embedded gcc/bin/../lib/gcc/riscv-none-embed/8.2.0/../../../../riscv-none-embed/lib/rv32imacxw/ilp32\libg_nano.a(lib_a-findfp.o)
                              c:/mounriver/mounriver_studio/toolchain/risc-v embedded gcc/bin/../lib/gcc/riscv-none-embed/8.2.0/../../../../riscv-none-embed/lib/rv32imacxw/ilp32\libg_nano.a(lib_a-printf.o) (__sinit)
c:/mounriver/mounriver_studio/toolchain/risc-v embedded gcc/bin/../lib/gcc/riscv-none-embed/8.2.0/../../../../riscv-none-embed/lib/rv32imacxw/ilp32\libg_nano.a(lib_a-fwalk.o)
                              c:/mounriver/mounriver_studio/toolchain/risc-v embedded gcc/bin/../lib/gcc/riscv-none-embed/8.2.0/../../../../riscv-none-embed/lib/rv32imacxw/ilp32\libg_nano.a(lib_a-findfp.o) (_fwalk)
c:/mounriver/mounriver_studio/toolchain/risc-v embedded gcc/bin/../lib/gcc/riscv-none-embed/8.2.0/../../../../riscv-none-embed/lib/rv32imacxw/ilp32\libg_nano.a(lib_a-impure.o)
                              c:/mounriver/mounriver_studio/toolchain/risc-v embedded gcc/bin/../lib/gcc/riscv-none-embed/8.2.0/../../../../riscv-none-embed/lib/rv32imacxw/ilp32\libg_nano.a(lib_a-findfp.o) (_global_impure_ptr)
c:/mounriver/mounriver_studio/toolchain/risc-v embedded gcc/bin/../lib/gcc/riscv-none-embed/8.2.0/../../../../riscv-none-embed/lib/rv32imacxw/ilp32\libg_nano.a(lib_a-nano-mallocr.o)
                              c:/mounriver/mounriver_studio/toolchain/risc-v embedded gcc/bin/../lib/gcc/riscv-none-embed/8.2.0/../../../../riscv-none-embed/lib/rv32imacxw/ilp32\libg_nano.a(lib_a-findfp.o) (_malloc_r)
c:/mounriver/mounriver_studio/toolchain/risc-v embedded gcc/bin/../lib/gcc/riscv-none-embed/8.2.0/../../../../riscv-none-embed/lib/rv32imacxw/ilp32\libg_nano.a(lib_a-nano-svfprintf.o)
                              c:/mounriver/mounriver_studio/toolchain/risc-v embedded gcc/bin/../lib/gcc/riscv-none-embed/8.2.0/../../../../riscv-none-embed/lib/rv32imacxw/ilp32\libg_nano.a(lib_a-snprintf.o) (_svfprintf_r)
c:/mounriver/mounriver_studio/toolchain/risc-v embedded gcc/bin/../lib/gcc/riscv-none-embed/8.2.0/../../../../riscv-none-embed/lib/rv32imacxw/ilp32\libg_nano.a(lib_a-nano-vfprintf.o)
                              c:/mounriver/mounriver_studio/toolchain/risc-v embedded gcc/bin/../lib/gcc/riscv-none-embed/8.2.0/../../../../riscv-none-embed/lib/rv32imacxw/ilp32\libg_nano.a(lib_a-printf.o) (_vfprintf_r)
c:/mounriver/mounriver_studio/toolchain/risc-v embedded gcc/bin/../lib/gcc/riscv-none-embed/8.2.0/../../../../riscv-none-embed/lib/rv32imacxw/ilp32\libg_nano.a(lib_a-nano-vfprintf_i.o)
                              c:/mounriver/mounriver_studio/toolchain/risc-v embedded gcc/bin/../lib/gcc/riscv-none-embed/8.2.0/../../../../riscv-none-embed/lib/rv32imacxw/ilp32\libg_nano.a(lib_a-nano-svfprintf.o) (_printf_i)
c:/mounriver/mounriver_studio/toolchain/risc-v embedded gcc/bin/../lib/gcc/riscv-none-embed/8.2.0/../../../../riscv-none-embed/lib/rv32imacxw/ilp32\libg_nano.a(lib_a-sbrkr.o)
                              c:/mounriver/mounriver_studio/toolchain/risc-v embedded gcc/bin/../lib/gcc/riscv-none-embed/8.2.0/../../../../riscv-none-embed/lib/rv32imacxw/ilp32\libg_nano.a(lib_a-nano-mallocr.o) (_sbrk_r)
[...]
Memory Configuration

Name             Origin             Length             Attributes
FLASH            0x0000000000000000 0x000000000000c000 xr
RAM              0x0000000020000000 0x0000000000005000 xrw
*default*        0x0000000000000000 0xffffffffffffffff

Linker script and memory map

LOAD ./userlib/crc16.o
LOAD ./userlib/device_hw.o
LOAD ./userlib/device_logic.o
LOAD ./userlib/proto.o
LOAD ./userlib/ringbuf.o
LOAD ./userlib/timer.o
LOAD ./userlib/usart2_dma.o
LOAD ./User/ch32v20x_it.o
LOAD ./User/main.o
LOAD ./User/system_ch32v20x.o
LOAD ./Startup/startup_ch32v20x_D6.o
LOAD ./Peripheral/src/ch32v20x_adc.o
LOAD ./Peripheral/src/ch32v20x_bkp.o
LOAD ./Peripheral/src/ch32v20x_can.o
LOAD ./Peripheral/src/ch32v20x_crc.o
LOAD ./Peripheral/src/ch32v20x_dbgmcu.o
LOAD ./Peripheral/src/ch32v20x_dma.o
LOAD ./Peripheral/src/ch32v20x_exti.o
LOAD ./Peripheral/src/ch32v20x_flash.o
LOAD ./Peripheral/src/ch32v20x_gpio.o
LOAD ./Peripheral/src/ch32v20x_i2c.o
LOAD ./Peripheral/src/ch32v20x_iwdg.o
LOAD ./Peripheral/src/ch32v20x_misc.o
LOAD ./Peripheral/src/ch32v20x_opa.o
LOAD ./Peripheral/src/ch32v20x_pwr.o
LOAD ./Peripheral/src/ch32v20x_rcc.o
LOAD ./Peripheral/src/ch32v20x_rtc.o
LOAD ./Peripheral/src/ch32v20x_spi.o
LOAD ./Peripheral/src/ch32v20x_tim.o
LOAD ./Peripheral/src/ch32v20x_usart.o
LOAD ./Peripheral/src/ch32v20x_wwdg.o
LOAD ./Debug/debug.o
LOAD ./Core/core_riscv.o
LOAD c:/mounriver/mounriver_studio/toolchain/risc-v embedded gcc/bin/../lib/gcc/riscv-none-embed/8.2.0/rv32imacxw/ilp32\libgcc.a
LOAD c:/mounriver/mounriver_studio/toolchain/risc-v embedded gcc/bin/../lib/gcc/riscv-none-embed/8.2.0/../../../../riscv-none-embed/lib/rv32imacxw/ilp32\libg_nano.a
LOAD c:/mounriver/mounriver_studio/toolchain/risc-v embedded gcc/bin/../lib/gcc/riscv-none-embed/8.2.0/../../../../riscv-none-embed/lib/rv32imacxw/ilp32\libc_nano.a
LOAD c:/mounriver/mounriver_studio/toolchain/risc-v embedded gcc/bin/../lib/gcc/riscv-none-embed/8.2.0/rv32imacxw/ilp32\libgcc.a
START GROUP
LOAD c:/mounriver/mounriver_studio/toolchain/risc-v embedded gcc/bin/../lib/gcc/riscv-none-embed/8.2.0/rv32imacxw/ilp32\libgcc.a
LOAD c:/mounriver/mounriver_studio/toolchain/risc-v embedded gcc/bin/../lib/gcc/riscv-none-embed/8.2.0/../../../../riscv-none-embed/lib/rv32imacxw/ilp32\libc_nano.a
LOAD c:/mounriver/mounriver_studio/toolchain/risc-v embedded gcc/bin/../lib/gcc/riscv-none-embed/8.2.0/../../../../riscv-none-embed/lib/rv32imacxw/ilp32\libnosys.a
END GROUP
START GROUP
LOAD c:/mounriver/mounriver_studio/toolchain/risc-v embedded gcc/bin/../lib/gcc/riscv-none-embed/8.2.0/rv32imacxw/ilp32\libgcc.a
LOAD c:/mounriver/mounriver_studio/toolchain/risc-v embedded gcc/bin/../lib/gcc/riscv-none-embed/8.2.0/../../../../riscv-none-embed/lib/rv32imacxw/ilp32\libc_nano.a
LOAD c:/mounriver/mounriver_studio/toolchain/risc-v embedded gcc/bin/../lib/gcc/riscv-none-embed/8.2.0/../../../../riscv-none-embed/lib/rv32imacxw/ilp32\libnosys.a
END GROUP
                0x0000000000000800                __stack_size = 0x800
                [!provide]                        PROVIDE (_stack_size = __stack_size)

.init           0x0000000000000000        0x4
                0x0000000000000000                _sinit = .
                0x0000000000000000                . = ALIGN (0x4)
 *(SORT_NONE(.init))
 .init          0x0000000000000000        0x4 ./Startup/startup_ch32v20x_D6.o
                0x0000000000000000                _start
                0x0000000000000004                . = ALIGN (0x4)
                0x0000000000000004                _einit = .

.vector         0x0000000000000004       0xfc
 *(.vector)
 .vector        0x0000000000000004       0xfc ./Startup/startup_ch32v20x_D6.o
                0x0000000000000100                . = ALIGN (0x40)
                0x0000000000000100                . = (ORIGIN (FLASH) + 0x100)

.app_sig        0x0000000000000100        0x4
 *(.app_sig)
 .app_sig       0x0000000000000100        0x4 ./User/main.o
                0x0000000000000100                APP_SIGNATURE

.text           0x0000000000000104     0x310c
                0x0000000000000104                . = ALIGN (0x4)
 *(.text)
 .text          0x0000000000000104       0x60 c:/mounriver/mounriver_studio/toolchain/risc-v embedded gcc/bin/../lib/gcc/riscv-none-embed/8.2.0/rv32imacxw/ilp32\libgcc.a(save-restore.o)
                0x0000000000000104                __riscv_save_12
                0x000000000000010c                __riscv_save_9
                0x000000000000010c                __riscv_save_11
                0x000000000000010c                __riscv_save_10
                0x000000000000010c                __riscv_save_8
                0x000000000000011a                __riscv_save_4
                0x000000000000011a                __riscv_save_6
                0x000000000000011a                __riscv_save_5
                0x000000000000011a                __riscv_save_7
                0x0000000000000134                __riscv_save_3
                0x0000000000000134                __riscv_save_2
                0x0000000000000134                __riscv_save_1
                0x0000000000000134                __riscv_save_0
                0x0000000000000140                __riscv_restore_12
                0x0000000000000144                __riscv_restore_11
                0x0000000000000144                __riscv_restore_9
                0x0000000000000144                __riscv_restore_10
                0x0000000000000144                __riscv_restore_8
                0x000000000000014e                __riscv_restore_5
                0x000000000000014e                __riscv_restore_7
                0x000000000000014e                __riscv_restore_6
                0x000000000000014e                __riscv_restore_4
                0x0000000000000158                __riscv_restore_3
                0x0000000000000158                __riscv_restore_0
                0x0000000000000158                __riscv_restore_2
                0x0000000000000158                __riscv_restore_1
 .text          0x0000000000000164       0xa8 c:/mounriver/mounriver_studio/toolchain/risc-v embedded gcc/bin/../lib/gcc/riscv-none-embed/8.2.0/../../../../riscv-none-embed/lib/rv32imacxw/ilp32\libg_nano.a(lib_a-memset.o)
                0x0000000000000164                memset
 *(.text.vector_handler*)
 .text.vector_handler
                0x000000000000020c        0x2 ./Startup/startup_ch32v20x_D6.o
                0x000000000000020c                EXTI2_IRQHandler
                0x000000000000020c                TIM1_CC_IRQHandler
                0x000000000000020c                SysTick_Handler
                0x000000000000020c                PVD_IRQHandler
                0x000000000000020c                EXTI3_IRQHandler
                0x000000000000020c                USBFS_IRQHandler
                0x000000000000020c                EXTI0_IRQHandler
                0x000000000000020c                I2C2_EV_IRQHandler
                0x000000000000020c                ADC1_2_IRQHandler
                0x000000000000020c                Break_Point_Handler
                0x000000000000020c                SPI1_IRQHandler
                0x000000000000020c                TAMPER_IRQHandler
                0x000000000000020c                Ecall_M_Mode_Handler
                0x000000000000020c                DMA1_Channel4_IRQHandler
                0x000000000000020c                USART3_IRQHandler
                0x000000000000020c                RTC_IRQHandler
                0x000000000000020c                DMA1_Channel7_IRQHandler
                0x000000000000020c                CAN1_RX1_IRQHandler
                0x000000000000020c                TIM4_IRQHandler
                0x000000000000020c                I2C1_EV_IRQHandler
                0x000000000000020c                DMA1_Channel6_IRQHandler
                0x000000000000020c                UART4_IRQHandler
                0x000000000000020c                RCC_IRQHandler
                0x000000000000020c                TIM1_TRG_COM_IRQHandler
                0x000000000000020c                DMA1_Channel1_IRQHandler
                0x000000000000020c                EXTI15_10_IRQHandler
                0x000000000000020c                DMA1_Channel8_IRQHandler
                0x000000000000020c                EXTI9_5_IRQHandler
                0x000000000000020c                SPI2_IRQHandler
                0x000000000000020c                DMA1_Channel5_IRQHandler
                0x000000000000020c                EXTI4_IRQHandler
                0x000000000000020c                USB_LP_CAN1_RX0_IRQHandler
                0x000000000000020c                USB_HP_CAN1_TX_IRQHandler
                0x000000000000020c                DMA1_Channel3_IRQHandler
                0x000000000000020c                TIM1_UP_IRQHandler
                0x000000000000020c                WWDG_IRQHandler
                0x000000000000020c                Ecall_U_Mode_Handler
                0x000000000000020c                SW_Handler
                0x000000000000020c                TIM1_BRK_IRQHandler
                0x000000000000020c                EXTI1_IRQHandler
                0x000000000000020c                RTCAlarm_IRQHandler
                0x000000000000020c                I2C2_ER_IRQHandler
                0x000000000000020c                DMA1_Channel2_IRQHandler
                0x000000000000020c                CAN1_SCE_IRQHandler
                0x000000000000020c                FLASH_IRQHandler
                0x000000000000020c                USBFSWakeUp_IRQHandler
                0x000000000000020c                USART1_IRQHandler
                0x000000000000020c                I2C1_ER_IRQHandler
                0x000000000000020c                USBWakeUp_IRQHandler
 *(.text.*)
 .text.crc16_modbus
                0x000000000000020e       0x34 ./userlib/crc16.o
                0x000000000000020e                crc16_modbus
 .text.hw_usonic_set_freq
                0x0000000000000242       0xa2 ./userlib/device_hw.o
                0x0000000000000242                hw_usonic_set_freq
 .text.device_hw_init
                0x00000000000002e4      0x120 ./userlib/device_hw.o
                0x00000000000002e4                device_hw_init
 .text.device_hw_apply
                0x0000000000000404       0xe4 ./userlib/device_hw.o
                0x0000000000000404                device_hw_apply
 .text.device_logic_init
                0x00000000000004e8       0x44 ./userlib/device_logic.o
                0x00000000000004e8                device_logic_init
 .text.device_set_work_time
                0x000000000000052c       0x1c ./userlib/device_logic.o
                0x000000000000052c                device_set_work_time
 .text.device_set_stop_time
                0x0000000000000548       0x1c ./userlib/device_logic.o
                0x0000000000000548                device_set_stop_time
 .text.device_logic_tick_1s
                0x0000000000000564       0x5e ./userlib/device_logic.o
                0x0000000000000564                device_logic_tick_1s
 .text.device_logic_tick_ms
                0x00000000000005c2       0x86 ./userlib/device_logic.o
                0x00000000000005c2                device_logic_tick_ms
 .text.device_led_should_on
                0x0000000000000648       0x16 ./userlib/device_logic.o
                0x0000000000000648                device_led_should_on
 .text.device_usonic_should_on
                0x000000000000065e        0xa ./userlib/device_logic.o
                0x000000000000065e                device_usonic_should_on
 .text.device_buzz_should_on
                0x0000000000000668        0xa ./userlib/device_logic.o
                0x0000000000000668                device_buzz_should_on
 .text.parse_one_param
                0x0000000000000672       0xaa ./userlib/proto.o
 .text.proto_init
                0x000000000000071c        0xe ./userlib/proto.o
                0x000000000000071c                proto_init
 .text.proto_set_local_id
                0x000000000000072a       0x18 ./userlib/proto.o
                0x000000000000072a                proto_set_local_id
 .text.proto_feed
                0x0000000000000742      0x2c2 ./userlib/proto.o
                0x0000000000000742                proto_feed
 .text.ringbuf_init
                0x0000000000000a04       0x12 ./userlib/ringbuf.o
                0x0000000000000a04                ringbuf_init
 .text.ringbuf_free
                0x0000000000000a16       0x24 ./userlib/ringbuf.o
                0x0000000000000a16                ringbuf_free
 .text.ringbuf_count
                0x0000000000000a3a       0x22 ./userlib/ringbuf.o
                0x0000000000000a3a                ringbuf_count
 .text.ringbuf_write
                0x0000000000000a5c       0xa4 ./userlib/ringbuf.o
                0x0000000000000a5c                ringbuf_write
 .text.ringbuf_read
                0x0000000000000b00       0xa4 ./userlib/ringbuf.o
                0x0000000000000b00                ringbuf_read
 .text.timer_init
                0x0000000000000ba4       0xc2 ./userlib/timer.o
                0x0000000000000ba4                timer_init
 .text.TIM3_IRQHandler
                0x0000000000000c66       0x32 ./userlib/timer.o
                0x0000000000000c66                TIM3_IRQHandler
 .text.TIM2_IRQHandler
                0x0000000000000c98       0x40 ./userlib/timer.o
                0x0000000000000c98                TIM2_IRQHandler
 .text.usart2_dma_idle_init
                0x0000000000000cd8      0x108 ./userlib/usart2_dma.o
                0x0000000000000cd8                usart2_dma_idle_init
 .text.usart2_pull_chunk
                0x0000000000000de0       0x12 ./userlib/usart2_dma.o
                0x0000000000000de0                usart2_pull_chunk
 .text.USART2_IRQHandler
                0x0000000000000df2       0xde ./userlib/usart2_dma.o
                0x0000000000000df2                USART2_IRQHandler
 .text.NMI_Handler
                0x0000000000000ed0        0x2 ./User/ch32v20x_it.o
                0x0000000000000ed0                NMI_Handler
 .text.HardFault_Handler
                0x0000000000000ed2       0x10 ./User/ch32v20x_it.o
                0x0000000000000ed2                HardFault_Handler
 .text.on_control
                0x0000000000000ee2       0x2e ./User/main.o
 .text.on_monitor
                0x0000000000000f10       0x2a ./User/main.o
 .text.on_control_ack
                0x0000000000000f3a       0x78 ./User/main.o
 .text.on_monitor_ack
                0x0000000000000fb2       0x2c ./User/main.o
 .text.startup.main
                0x0000000000000fde       0xec ./User/main.o
                0x0000000000000fde                main
 .text.SystemInit
                0x00000000000010ca       0xea ./User/system_ch32v20x.o
                0x00000000000010ca                SystemInit
 .text.SystemCoreClockUpdate
                0x00000000000011b4       0x92 ./User/system_ch32v20x.o
                0x00000000000011b4                SystemCoreClockUpdate
 .text.handle_reset
                0x0000000000001246       0x8a ./Startup/startup_ch32v20x_D6.o
                0x0000000000001246                handle_reset
 .text.DMA_DeInit
                0x00000000000012d0       0x9c ./Peripheral/src/ch32v20x_dma.o
                0x00000000000012d0                DMA_DeInit
 .text.DMA_Init
                0x000000000000136c       0x38 ./Peripheral/src/ch32v20x_dma.o
                0x000000000000136c                DMA_Init
 .text.DMA_Cmd  0x00000000000013a4       0x14 ./Peripheral/src/ch32v20x_dma.o
                0x00000000000013a4                DMA_Cmd
 .text.DMA_GetCurrDataCounter
                0x00000000000013b8        0x8 ./Peripheral/src/ch32v20x_dma.o
                0x00000000000013b8                DMA_GetCurrDataCounter
 .text.GPIO_Init
                0x00000000000013c0       0xf2 ./Peripheral/src/ch32v20x_gpio.o
                0x00000000000013c0                GPIO_Init
 .text.GPIO_SetBits
                0x00000000000014b2       0x14 ./Peripheral/src/ch32v20x_gpio.o
                0x00000000000014b2                GPIO_SetBits
 .text.GPIO_ResetBits
                0x00000000000014c6       0x14 ./Peripheral/src/ch32v20x_gpio.o
                0x00000000000014c6                GPIO_ResetBits
 .text.NVIC_PriorityGroupConfig
                0x00000000000014da        0x6 ./Peripheral/src/ch32v20x_misc.o
                0x00000000000014da                NVIC_PriorityGroupConfig
 .text.NVIC_Init
                0x00000000000014e0       0x54 ./Peripheral/src/ch32v20x_misc.o
                0x00000000000014e0                NVIC_Init
 .text.RCC_GetClocksFreq
                0x0000000000001534       0xbe ./Peripheral/src/ch32v20x_rcc.o
                0x0000000000001534                RCC_GetClocksFreq
 .text.RCC_AHBPeriphClockCmd
                0x00000000000015f2       0x1e ./Peripheral/src/ch32v20x_rcc.o
                0x00000000000015f2                RCC_AHBPeriphClockCmd
 .text.RCC_APB2PeriphClockCmd
                0x0000000000001610       0x1e ./Peripheral/src/ch32v20x_rcc.o
                0x0000000000001610                RCC_APB2PeriphClockCmd
 .text.RCC_APB1PeriphClockCmd
                0x000000000000162e       0x1e ./Peripheral/src/ch32v20x_rcc.o
                0x000000000000162e                RCC_APB1PeriphClockCmd
 .text.TIM_TimeBaseInit
                0x000000000000164c       0x6a ./Peripheral/src/ch32v20x_tim.o
                0x000000000000164c                TIM_TimeBaseInit
 .text.TIM_OC3Init
                0x00000000000016b6       0x94 ./Peripheral/src/ch32v20x_tim.o
                0x00000000000016b6                TIM_OC3Init
 .text.TIM_TimeBaseStructInit
                0x000000000000174a       0x16 ./Peripheral/src/ch32v20x_tim.o
                0x000000000000174a                TIM_TimeBaseStructInit
 .text.TIM_OCStructInit
                0x0000000000001760       0x22 ./Peripheral/src/ch32v20x_tim.o
                0x0000000000001760                TIM_OCStructInit
 .text.TIM_Cmd  0x0000000000001782       0x18 ./Peripheral/src/ch32v20x_tim.o
                0x0000000000001782                TIM_Cmd
 .text.TIM_ITConfig
                0x000000000000179a       0x12 ./Peripheral/src/ch32v20x_tim.o
                0x000000000000179a                TIM_ITConfig
 .text.TIM_PrescalerConfig
                0x00000000000017ac        0x6 ./Peripheral/src/ch32v20x_tim.o
                0x00000000000017ac                TIM_PrescalerConfig
 .text.TIM_ARRPreloadConfig
                0x00000000000017b2       0x1a ./Peripheral/src/ch32v20x_tim.o
                0x00000000000017b2                TIM_ARRPreloadConfig
 .text.TIM_OC3PreloadConfig
                0x00000000000017cc        0xe ./Peripheral/src/ch32v20x_tim.o
                0x00000000000017cc                TIM_OC3PreloadConfig
 .text.TIM_SetAutoreload
                0x00000000000017da        0x4 ./Peripheral/src/ch32v20x_tim.o
                0x00000000000017da                TIM_SetAutoreload
 .text.TIM_SetCompare3
                0x00000000000017de        0x4 ./Peripheral/src/ch32v20x_tim.o
                0x00000000000017de                TIM_SetCompare3
 .text.TIM_GetITStatus
                0x00000000000017e2       0x18 ./Peripheral/src/ch32v20x_tim.o
                0x00000000000017e2                TIM_GetITStatus
 .text.TIM_ClearITPendingBit
                0x00000000000017fa        0xc ./Peripheral/src/ch32v20x_tim.o
                0x00000000000017fa                TIM_ClearITPendingBit
 .text.USART_Init
                0x0000000000001806       0x8e ./Peripheral/src/ch32v20x_usart.o
                0x0000000000001806                USART_Init
 .text.USART_Cmd
                0x0000000000001894       0x16 ./Peripheral/src/ch32v20x_usart.o
                0x0000000000001894                USART_Cmd
 .text.USART_ITConfig
                0x00000000000018aa       0x36 ./Peripheral/src/ch32v20x_usart.o
                0x00000000000018aa                USART_ITConfig
 .text.USART_DMACmd
                0x00000000000018e0       0x12 ./Peripheral/src/ch32v20x_usart.o
                0x00000000000018e0                USART_DMACmd
 .text.USART_SendData
                0x00000000000018f2        0x8 ./Peripheral/src/ch32v20x_usart.o
                0x00000000000018f2                USART_SendData
 .text.USART_GetFlagStatus
                0x00000000000018fa        0xa ./Peripheral/src/ch32v20x_usart.o
                0x00000000000018fa                USART_GetFlagStatus
 .text.USART_GetITStatus
                0x0000000000001904       0x3c ./Peripheral/src/ch32v20x_usart.o
                0x0000000000001904                USART_GetITStatus
 .text.Delay_Init
                0x0000000000001940       0x2a ./Debug/debug.o
                0x0000000000001940                Delay_Init
 .text.USART_Printf_Init
                0x000000000000196a       0x54 ./Debug/debug.o
                0x000000000000196a                USART_Printf_Init
 .text._write   0x00000000000019be       0x3a ./Debug/debug.o
                0x00000000000019be                _write
 .text._sbrk    0x00000000000019f8       0x26 ./Debug/debug.o
                0x00000000000019f8                _sbrk
 .text.memcmp   0x0000000000001a1e       0x24 c:/mounriver/mounriver_studio/toolchain/risc-v embedded gcc/bin/../lib/gcc/riscv-none-embed/8.2.0/../../../../riscv-none-embed/lib/rv32imacxw/ilp32\libg_nano.a(lib_a-memcmp.o)
                0x0000000000001a1e                memcmp
 .text.memcpy   0x0000000000001a42       0xb2 c:/mounriver/mounriver_studio/toolchain/risc-v embedded gcc/bin/../lib/gcc/riscv-none-embed/8.2.0/../../../../riscv-none-embed/lib/rv32imacxw/ilp32\libg_nano.a(lib_a-memcpy.o)
                0x0000000000001a42                memcpy
 .text.memmove  0x0000000000001af4       0x46 c:/mounriver/mounriver_studio/toolchain/risc-v embedded gcc/bin/../lib/gcc/riscv-none-embed/8.2.0/../../../../riscv-none-embed/lib/rv32imacxw/ilp32\libg_nano.a(lib_a-memmove.o)
                0x0000000000001af4                memmove
 .text.printf   0x0000000000001b3a       0x3e c:/mounriver/mounriver_studio/toolchain/risc-v embedded gcc/bin/../lib/gcc/riscv-none-embed/8.2.0/../../../../riscv-none-embed/lib/rv32imacxw/ilp32\libg_nano.a(lib_a-printf.o)
                0x0000000000001b3a                iprintf
                0x0000000000001b3a                printf
 .text.snprintf
                0x0000000000001b78       0x6a c:/mounriver/mounriver_studio/toolchain/risc-v embedded gcc/bin/../lib/gcc/riscv-none-embed/8.2.0/../../../../riscv-none-embed/lib/rv32imacxw/ilp32\libg_nano.a(lib_a-snprintf.o)
                0x0000000000001b78                sniprintf
                0x0000000000001b78                snprintf
 .text.std      0x0000000000001be2       0x66 c:/mounriver/mounriver_studio/toolchain/risc-v embedded gcc/bin/../lib/gcc/riscv-none-embed/8.2.0/../../../../riscv-none-embed/lib/rv32imacxw/ilp32\libg_nano.a(lib_a-findfp.o)
 .text._cleanup_r
                0x0000000000001c48        0xa c:/mounriver/mounriver_studio/toolchain/risc-v embedded gcc/bin/../lib/gcc/riscv-none-embed/8.2.0/../../../../riscv-none-embed/lib/rv32imacxw/ilp32\libg_nano.a(lib_a-findfp.o)
                0x0000000000001c48                _cleanup_r
 .text.__sfmoreglue
                0x0000000000001c52       0x46 c:/mounriver/mounriver_studio/toolchain/risc-v embedded gcc/bin/../lib/gcc/riscv-none-embed/8.2.0/../../../../riscv-none-embed/lib/rv32imacxw/ilp32\libg_nano.a(lib_a-findfp.o)
                0x0000000000001c52                __sfmoreglue
 .text.__sinit  0x0000000000001c98       0x66 c:/mounriver/mounriver_studio/toolchain/risc-v embedded gcc/bin/../lib/gcc/riscv-none-embed/8.2.0/../../../../riscv-none-embed/lib/rv32imacxw/ilp32\libg_nano.a(lib_a-findfp.o)
                0x0000000000001c98                __sinit
 .text.__sfp    0x0000000000001cfe       0x9c c:/mounriver/mounriver_studio/toolchain/risc-v embedded gcc/bin/../lib/gcc/riscv-none-embed/8.2.0/../../../../riscv-none-embed/lib/rv32imacxw/ilp32\libg_nano.a(lib_a-findfp.o)
                0x0000000000001cfe                __sfp
 .text._fwalk_reent
                0x0000000000001d9a       0x6a c:/mounriver/mounriver_studio/toolchain/risc-v embedded gcc/bin/../lib/gcc/riscv-none-embed/8.2.0/../../../../riscv-none-embed/lib/rv32imacxw/ilp32\libg_nano.a(lib_a-fwalk.o)
                0x0000000000001d9a                _fwalk_reent
 .text._malloc_r
                0x0000000000001e04       0xda c:/mounriver/mounriver_studio/toolchain/risc-v embedded gcc/bin/../lib/gcc/riscv-none-embed/8.2.0/../../../../riscv-none-embed/lib/rv32imacxw/ilp32\libg_nano.a(lib_a-nano-mallocr.o)
                0x0000000000001e04                _malloc_r
 .text.__ssputs_r
                0x0000000000001ede       0xe2 c:/mounriver/mounriver_studio/toolchain/risc-v embedded gcc/bin/../lib/gcc/riscv-none-embed/8.2.0/../../../../riscv-none-embed/lib/rv32imacxw/ilp32\libg_nano.a(lib_a-nano-svfprintf.o)
                0x0000000000001ede                __ssputs_r
 .text._svfprintf_r
                0x0000000000001fc0      0x266 c:/mounriver/mounriver_studio/toolchain/risc-v embedded gcc/bin/../lib/gcc/riscv-none-embed/8.2.0/../../../../riscv-none-embed/lib/rv32imacxw/ilp32\libg_nano.a(lib_a-nano-svfprintf.o)
                0x0000000000001fc0                _svfiprintf_r
                0x0000000000001fc0                _svfprintf_r
 .text.__sfputc_r
                0x0000000000002226       0x26 c:/mounriver/mounriver_studio/toolchain/risc-v embedded gcc/bin/../lib/gcc/riscv-none-embed/8.2.0/../../../../riscv-none-embed/lib/rv32imacxw/ilp32\libg_nano.a(lib_a-nano-vfprintf.o)
 .text.__sfputs_r
                0x000000000000224c       0x40 c:/mounriver/mounriver_studio/toolchain/risc-v embedded gcc/bin/../lib/gcc/riscv-none-embed/8.2.0/../../../../riscv-none-embed/lib/rv32imacxw/ilp32\libg_nano.a(lib_a-nano-vfprintf.o)
                0x000000000000224c                __sfputs_r
 .text._vfprintf_r
                0x000000000000228c      0x28a c:/mounriver/mounriver_studio/toolchain/risc-v embedded gcc/bin/../lib/gcc/riscv-none-embed/8.2.0/../../../../riscv-none-embed/lib/rv32imacxw/ilp32\libg_nano.a(lib_a-nano-vfprintf.o)
                0x000000000000228c                _vfprintf_r
                0x000000000000228c                _vfiprintf_r
 .text._printf_common
                0x0000000000002516      0x10c c:/mounriver/mounriver_studio/toolchain/risc-v embedded gcc/bin/../lib/gcc/riscv-none-embed/8.2.0/../../../../riscv-none-embed/lib/rv32imacxw/ilp32\libg_nano.a(lib_a-nano-vfprintf_i.o)
                0x0000000000002516                _printf_common
 .text._printf_i
                0x0000000000002622      0x2a0 c:/mounriver/mounriver_studio/toolchain/risc-v embedded gcc/bin/../lib/gcc/riscv-none-embed/8.2.0/../../../../riscv-none-embed/lib/rv32imacxw/ilp32\libg_nano.a(lib_a-nano-vfprintf_i.o)
                0x0000000000002622                _printf_i
 .text._sbrk_r  0x00000000000028c2       0x2a c:/mounriver/mounriver_studio/toolchain/risc-v embedded gcc/bin/../lib/gcc/riscv-none-embed/8.2.0/../../../../riscv-none-embed/lib/rv32imacxw/ilp32\libg_nano.a(lib_a-sbrkr.o)
                0x00000000000028c2                _sbrk_r
 .text.__sread  0x00000000000028ec       0x2c c:/mounriver/mounriver_studio/toolchain/risc-v embedded gcc/bin/../lib/gcc/riscv-none-embed/8.2.0/../../../../riscv-none-embed/lib/rv32imacxw/ilp32\libg_nano.a(lib_a-stdio.o)
                0x00000000000028ec                __sread
 .text.__swrite
                0x0000000000002918       0x48 c:/mounriver/mounriver_studio/toolchain/risc-v embedded gcc/bin/../lib/gcc/riscv-none-embed/8.2.0/../../../../riscv-none-embed/lib/rv32imacxw/ilp32\libg_nano.a(lib_a-stdio.o)
                0x0000000000002918                __swrite
 .text.__sseek  0x0000000000002960       0x30 c:/mounriver/mounriver_studio/toolchain/risc-v embedded gcc/bin/../lib/gcc/riscv-none-embed/8.2.0/../../../../riscv-none-embed/lib/rv32imacxw/ilp32\libg_nano.a(lib_a-stdio.o)
                0x0000000000002960                __sseek
 .text.__sclose
                0x0000000000002990        0x6 c:/mounriver/mounriver_studio/toolchain/risc-v embedded gcc/bin/../lib/gcc/riscv-none-embed/8.2.0/../../../../riscv-none-embed/lib/rv32imacxw/ilp32\libg_nano.a(lib_a-stdio.o)
                0x0000000000002990                __sclose
 .text.__swbuf_r
                0x0000000000002996       0xbe c:/mounriver/mounriver_studio/toolchain/risc-v embedded gcc/bin/../lib/gcc/riscv-none-embed/8.2.0/../../../../riscv-none-embed/lib/rv32imacxw/ilp32\libg_nano.a(lib_a-wbuf.o)
                0x0000000000002996                __swbuf_r
 .text._write_r
                0x0000000000002a54       0x2e c:/mounriver/mounriver_studio/toolchain/risc-v embedded gcc/bin/../lib/gcc/riscv-none-embed/8.2.0/../../../../riscv-none-embed/lib/rv32imacxw/ilp32\libg_nano.a(lib_a-writer.o)
                0x0000000000002a54                _write_r
 .text.__swsetup_r
                0x0000000000002a82       0xfe c:/mounriver/mounriver_studio/toolchain/risc-v embedded gcc/bin/../lib/gcc/riscv-none-embed/8.2.0/../../../../riscv-none-embed/lib/rv32imacxw/ilp32\libg_nano.a(lib_a-wsetup.o)
                0x0000000000002a82                __swsetup_r
 .text._close_r
                0x0000000000002b80       0x28 c:/mounriver/mounriver_studio/toolchain/risc-v embedded gcc/bin/../lib/gcc/riscv-none-embed/8.2.0/../../../../riscv-none-embed/lib/rv32imacxw/ilp32\libg_nano.a(lib_a-closer.o)
                0x0000000000002b80                _close_r
 .text.__sflush_r
                0x0000000000002ba8      0x130 c:/mounriver/mounriver_studio/toolchain/risc-v embedded gcc/bin/../lib/gcc/riscv-none-embed/8.2.0/../../../../riscv-none-embed/lib/rv32imacxw/ilp32\libg_nano.a(lib_a-fflush.o)
                0x0000000000002ba8                __sflush_r
 .text._fflush_r
                0x0000000000002cd8       0x66 c:/mounriver/mounriver_studio/toolchain/risc-v embedded gcc/bin/../lib/gcc/riscv-none-embed/8.2.0/../../../../riscv-none-embed/lib/rv32imacxw/ilp32\libg_nano.a(lib_a-fflush.o)
                0x0000000000002cd8                _fflush_r
 .text._lseek_r
                0x0000000000002d3e       0x2c c:/mounriver/mounriver_studio/toolchain/risc-v embedded gcc/bin/../lib/gcc/riscv-none-embed/8.2.0/../../../../riscv-none-embed/lib/rv32imacxw/ilp32\libg_nano.a(lib_a-lseekr.o)
                0x0000000000002d3e                _lseek_r
 .text.__swhatbuf_r
                0x0000000000002d6a       0x56 c:/mounriver/mounriver_studio/toolchain/risc-v embedded gcc/bin/../lib/gcc/riscv-none-embed/8.2.0/../../../../riscv-none-embed/lib/rv32imacxw/ilp32\libg_nano.a(lib_a-makebuf.o)
                0x0000000000002d6a                __swhatbuf_r
 .text.__smakebuf_r
                0x0000000000002dc0       0x90 c:/mounriver/mounriver_studio/toolchain/risc-v embedded gcc/bin/../lib/gcc/riscv-none-embed/8.2.0/../../../../riscv-none-embed/lib/rv32imacxw/ilp32\libg_nano.a(lib_a-makebuf.o)
                0x0000000000002dc0                __smakebuf_r
 .text.memchr   0x0000000000002e50       0x18 c:/mounriver/mounriver_studio/toolchain/risc-v embedded gcc/bin/../lib/gcc/riscv-none-embed/8.2.0/../../../../riscv-none-embed/lib/rv32imacxw/ilp32\libg_nano.a(lib_a-memchr.o)
                0x0000000000002e50                memchr
 .text.__malloc_lock
                0x0000000000002e68        0x2 c:/mounriver/mounriver_studio/toolchain/risc-v embedded gcc/bin/../lib/gcc/riscv-none-embed/8.2.0/../../../../riscv-none-embed/lib/rv32imacxw/ilp32\libg_nano.a(lib_a-mlock.o)
                0x0000000000002e68                __malloc_lock
 .text.__malloc_unlock
                0x0000000000002e6a        0x2 c:/mounriver/mounriver_studio/toolchain/risc-v embedded gcc/bin/../lib/gcc/riscv-none-embed/8.2.0/../../../../riscv-none-embed/lib/rv32imacxw/ilp32\libg_nano.a(lib_a-mlock.o)
                0x0000000000002e6a                __malloc_unlock
 .text._free_r  0x0000000000002e6c       0xa4 c:/mounriver/mounriver_studio/toolchain/risc-v embedded gcc/bin/../lib/gcc/riscv-none-embed/8.2.0/../../../../riscv-none-embed/lib/rv32imacxw/ilp32\libg_nano.a(lib_a-nano-freer.o)
                0x0000000000002e6c                _free_r
 .text._realloc_r
                0x0000000000002f10       0x54 c:/mounriver/mounriver_studio/toolchain/risc-v embedded gcc/bin/../lib/gcc/riscv-none-embed/8.2.0/../../../../riscv-none-embed/lib/rv32imacxw/ilp32\libg_nano.a(lib_a-nano-reallocr.o)
                0x0000000000002f10                _realloc_r
 .text._read_r  0x0000000000002f64       0x2c c:/mounriver/mounriver_studio/toolchain/risc-v embedded gcc/bin/../lib/gcc/riscv-none-embed/8.2.0/../../../../riscv-none-embed/lib/rv32imacxw/ilp32\libg_nano.a(lib_a-readr.o)
                0x0000000000002f64                _read_r
 .text._fstat_r
                0x0000000000002f90       0x2a c:/mounriver/mounriver_studio/toolchain/risc-v embedded gcc/bin/../lib/gcc/riscv-none-embed/8.2.0/../../../../riscv-none-embed/lib/rv32imacxw/ilp32\libg_nano.a(lib_a-fstatr.o)
                0x0000000000002f90                _fstat_r
 .text._isatty_r
                0x0000000000002fba       0x28 c:/mounriver/mounriver_studio/toolchain/risc-v embedded gcc/bin/../lib/gcc/riscv-none-embed/8.2.0/../../../../riscv-none-embed/lib/rv32imacxw/ilp32\libg_nano.a(lib_a-isattyr.o)
                0x0000000000002fba                _isatty_r
 .text._malloc_usable_size_r
                0x0000000000002fe2       0x14 c:/mounriver/mounriver_studio/toolchain/risc-v embedded gcc/bin/../lib/gcc/riscv-none-embed/8.2.0/../../../../riscv-none-embed/lib/rv32imacxw/ilp32\libg_nano.a(lib_a-nano-msizer.o)
                0x0000000000002fe2                _malloc_usable_size_r
 .text._close   0x0000000000002ff6        0xc c:/mounriver/mounriver_studio/toolchain/risc-v embedded gcc/bin/../lib/gcc/riscv-none-embed/8.2.0/../../../../riscv-none-embed/lib/rv32imacxw/ilp32\libnosys.a(close.o)
                0x0000000000002ff6                _close
 .text._fstat   0x0000000000003002        0xc c:/mounriver/mounriver_studio/toolchain/risc-v embedded gcc/bin/../lib/gcc/riscv-none-embed/8.2.0/../../../../riscv-none-embed/lib/rv32imacxw/ilp32\libnosys.a(fstat.o)
                0x0000000000003002                _fstat
 .text._isatty  0x000000000000300e        0xc c:/mounriver/mounriver_studio/toolchain/risc-v embedded gcc/bin/../lib/gcc/riscv-none-embed/8.2.0/../../../../riscv-none-embed/lib/rv32imacxw/ilp32\libnosys.a(isatty.o)
                0x000000000000300e                _isatty
 .text._lseek   0x000000000000301a        0xc c:/mounriver/mounriver_studio/toolchain/risc-v embedded gcc/bin/../lib/gcc/riscv-none-embed/8.2.0/../../../../riscv-none-embed/lib/rv32imacxw/ilp32\libnosys.a(lseek.o)
                0x000000000000301a                _lseek
 .text._read    0x0000000000003026        0xc c:/mounriver/mounriver_studio/toolchain/risc-v embedded gcc/bin/../lib/gcc/riscv-none-embed/8.2.0/../../../../riscv-none-embed/lib/rv32imacxw/ilp32\libnosys.a(read.o)
                0x0000000000003026                _read
 *(.rodata)
 *(.rodata*)
 *fill*         0x0000000000003032        0x2 
 .rodata.hw_usonic_set_freq.str1.4
                0x0000000000003034       0x22 ./userlib/device_hw.o
 *fill*         0x0000000000003056        0x2 
 .rodata.main.str1.4
                0x0000000000003058       0x27 ./User/main.o
 *fill*         0x000000000000307f        0x1 
 .rodata.on_control.str1.4
                0x0000000000003080       0x32 ./User/main.o
 *fill*         0x00000000000030b2        0x2 
 .rodata.on_control_ack.str1.4
                0x00000000000030b4       0x85 ./User/main.o
 *fill*         0x0000000000003139        0x3 
 .rodata.on_monitor.str1.4
                0x000000000000313c       0x1a ./User/main.o
 *fill*         0x0000000000003156        0x2 
 .rodata.on_monitor_ack.str1.4
                0x0000000000003158       0x1a ./User/main.o
 *fill*         0x0000000000003172        0x2 
 .rodata.__sf_fake_stderr
                0x0000000000003174       0x20 c:/mounriver/mounriver_studio/toolchain/risc-v embedded gcc/bin/../lib/gcc/riscv-none-embed/8.2.0/../../../../riscv-none-embed/lib/rv32imacxw/ilp32\libg_nano.a(lib_a-findfp.o)
                0x0000000000003174                __sf_fake_stderr
 .rodata.__sf_fake_stdin
                0x0000000000003194       0x20 c:/mounriver/mounriver_studio/toolchain/risc-v embedded gcc/bin/../lib/gcc/riscv-none-embed/8.2.0/../../../../riscv-none-embed/lib/rv32imacxw/ilp32\libg_nano.a(lib_a-findfp.o)
                0x0000000000003194                __sf_fake_stdin
 .rodata.__sf_fake_stdout
                0x00000000000031b4       0x20 c:/mounriver/mounriver_studio/toolchain/risc-v embedded gcc/bin/../lib/gcc/riscv-none-embed/8.2.0/../../../../riscv-none-embed/lib/rv32imacxw/ilp32\libg_nano.a(lib_a-findfp.o)
                0x00000000000031b4                __sf_fake_stdout
 .rodata._svfprintf_r.str1.4
                0x00000000000031d4       0x13 c:/mounriver/mounriver_studio/toolchain/risc-v embedded gcc/bin/../lib/gcc/riscv-none-embed/8.2.0/../../../../riscv-none-embed/lib/rv32imacxw/ilp32\libg_nano.a(lib_a-nano-svfprintf.o)
 .rodata._vfprintf_r.str1.4
                0x00000000000031e7       0x13 c:/mounriver/mounriver_studio/toolchain/risc-v embedded gcc/bin/../lib/gcc/riscv-none-embed/8.2.0/../../../../riscv-none-embed/lib/rv32imacxw/ilp32\libg_nano.a(lib_a-nano-vfprintf.o)
 *fill*         0x00000000000031e7        0x1 
 .rodata._printf_i.str1.4
                0x00000000000031e8       0x28 c:/mounriver/mounriver_studio/toolchain/risc-v embedded gcc/bin/../lib/gcc/riscv-none-embed/8.2.0/../../../../riscv-none-embed/lib/rv32imacxw/ilp32\libg_nano.a(lib_a-nano-vfprintf_i.o)
                                         0x25 (size before relaxing)
 *(.gnu.linkonce.t.*)
                0x0000000000003210                . = ALIGN (0x4)

.rela.dyn       0x0000000000003210        0x0
 .rela.init     0x0000000000003210        0x0 ./userlib/crc16.o
 .rela.vector   0x0000000000003210        0x0 ./userlib/crc16.o
 .rela.text.handle_reset
                0x0000000000003210        0x0 ./userlib/crc16.o
 .rela.text._sbrk
                0x0000000000003210        0x0 ./userlib/crc16.o
 .rela.sdata.curbrk.4672
                0x0000000000003210        0x0 ./userlib/crc16.o
 .rela.text._svfprintf_r
                0x0000000000003210        0x0 ./userlib/crc16.o
 .rela.text._vfprintf_r
                0x0000000000003210        0x0 ./userlib/crc16.o
 .rela.text._sbrk_r
                0x0000000000003210        0x0 ./userlib/crc16.o
 .rela.text._write_r
                0x0000000000003210        0x0 ./userlib/crc16.o
 .rela.text._close_r
                0x0000000000003210        0x0 ./userlib/crc16.o
 .rela.text._lseek_r
                0x0000000000003210        0x0 ./userlib/crc16.o
 .rela.text._read_r
                0x0000000000003210        0x0 ./userlib/crc16.o
 .rela.text._fstat_r
                0x0000000000003210        0x0 ./userlib/crc16.o
 .rela.text._isatty_r
                0x0000000000003210        0x0 ./userlib/crc16.o
 .rela.text._close
                0x0000000000003210        0x0 ./userlib/crc16.o
 .rela.text._fstat
                0x0000000000003210        0x0 ./userlib/crc16.o
 .rela.text._isatty
                0x0000000000003210        0x0 ./userlib/crc16.o
 .rela.text._lseek
                0x0000000000003210        0x0 ./userlib/crc16.o
 .rela.text._read
                0x0000000000003210        0x0 ./userlib/crc16.o

.fini           0x0000000000003210        0x0
 *(SORT_NONE(.fini))
                0x0000000000003210                . = ALIGN (0x4)
                [!provide]                        PROVIDE (_etext = .)
                [!provide]                        PROVIDE (_eitcm = .)

.preinit_array  0x0000000000003210        0x0
                [!provide]                        PROVIDE (__preinit_array_start = .)
 *(.preinit_array)
                [!provide]                        PROVIDE (__preinit_array_end = .)

.init_array     0x0000000000003210        0x0
                [!provide]                        PROVIDE (__init_array_start = .)
 *(SORT_BY_INIT_PRIORITY(.init_array.*) SORT_BY_INIT_PRIORITY(.ctors.*))
 *(.init_array EXCLUDE_FILE(*crtend?.o *crtend.o *crtbegin?.o *crtbegin.o) .ctors)
                [!provide]                        PROVIDE (__init_array_end = .)

.fini_array     0x0000000000003210        0x0
                [!provide]                        PROVIDE (__fini_array_start = .)
 *(SORT_BY_INIT_PRIORITY(.fini_array.*) SORT_BY_INIT_PRIORITY(.dtors.*))
 *(.fini_array EXCLUDE_FILE(*crtend?.o *crtend.o *crtbegin?.o *crtbegin.o) .dtors)
                [!provide]                        PROVIDE (__fini_array_end = .)

.ctors
 *crtbegin.o(.ctors)
 *crtbegin?.o(.ctors)
 *(EXCLUDE_FILE(*crtend?.o *crtend.o) .ctors)
 *(SORT_BY_NAME(.ctors.*))
 *(.ctors)

.dtors
 *crtbegin.o(.dtors)
 *crtbegin?.o(.dtors)
 *(EXCLUDE_FILE(*crtend?.o *crtend.o) .dtors)
 *(SORT_BY_NAME(.dtors.*))
 *(.dtors)

.dalign         0x0000000020000000        0x0 load address 0x0000000000003210
                0x0000000020000000                . = ALIGN (0x4)
                0x0000000020000000                PROVIDE (_data_vma = .)

.dlalign        0x0000000000003210        0x0
                0x0000000000003210                . = ALIGN (0x4)
                0x0000000000003210                PROVIDE (_data_lma = .)

.data           0x0000000020000000       0xa0 load address 0x0000000000003210
 *(.gnu.linkonce.r.*)
 *(.data .data.*)
 .data.AHBPrescTable
                0x0000000020000000       0x10 ./User/system_ch32v20x.o
                0x0000000020000000                AHBPrescTable
 .data.APBAHBPrescTable
                0x0000000020000010       0x10 ./Peripheral/src/ch32v20x_rcc.o
 .data.impure_data
                0x0000000020000020       0x60 c:/mounriver/mounriver_studio/toolchain/risc-v embedded gcc/bin/../lib/gcc/riscv-none-embed/8.2.0/../../../../riscv-none-embed/lib/rv32imacxw/ilp32\libg_nano.a(lib_a-impure.o)
 *(.gnu.linkonce.d.*)
                0x0000000020000080                . = ALIGN (0x8)
                0x0000000020000880                PROVIDE (__global_pointer$ = (. + 0x800))
 *(.sdata .sdata.*)
 .sdata.SystemCoreClock
                0x0000000020000080        0x4 ./User/system_ch32v20x.o
                0x0000000020000080                SystemCoreClock
 .sdata.ADCPrescTable
                0x0000000020000084        0x4 ./Peripheral/src/ch32v20x_rcc.o
 .sdata.curbrk.4672
                0x0000000020000088        0x4 ./Debug/debug.o
 .sdata._impure_ptr
                0x000000002000008c        0x4 c:/mounriver/mounriver_studio/toolchain/risc-v embedded gcc/bin/../lib/gcc/riscv-none-embed/8.2.0/../../../../riscv-none-embed/lib/rv32imacxw/ilp32\libg_nano.a(lib_a-impure.o)
                0x000000002000008c                _impure_ptr
 *(.sdata2.*)
 .sdata2.kLocalSensorID
                0x0000000020000090        0x6 ./User/main.o
 *fill*         0x0000000020000096        0x2 
 .sdata2._global_impure_ptr
                0x0000000020000098        0x4 c:/mounriver/mounriver_studio/toolchain/risc-v embedded gcc/bin/../lib/gcc/riscv-none-embed/8.2.0/../../../../riscv-none-embed/lib/rv32imacxw/ilp32\libg_nano.a(lib_a-impure.o)
                0x0000000020000098                _global_impure_ptr
 *(.gnu.linkonce.s.*)
                0x00000000200000a0                . = ALIGN (0x8)
 *fill*         0x000000002000009c        0x4 
 *(.srodata.cst16)
 *(.srodata.cst8)
 *(.srodata.cst4)
 *(.srodata.cst2)
 *(.srodata .srodata.*)
                0x00000000200000a0                . = ALIGN (0x4)
                0x00000000200000a0                PROVIDE (_edata = .)

.bss            0x00000000200000a0      0x894 load address 0x00000000000032b0
                0x00000000200000a0                . = ALIGN (0x4)
                0x00000000200000a0                PROVIDE (_sbss = .)
 *(.sbss*)
 .sbss.s_usonic_freq_cache
                0x00000000200000a0        0x2 ./userlib/device_hw.o
 .sbss.s_usonic_on_cache
                0x00000000200000a2        0x1 ./userlib/device_hw.o
 *fill*         0x00000000200000a3        0x1 
 .sbss.dma_last_write
                0x00000000200000a4        0x2 ./userlib/usart2_dma.o
 *fill*         0x00000000200000a6        0x2 
 .sbss.g_idle_irq_cnt
                0x00000000200000a8        0x4 ./userlib/usart2_dma.o
                0x00000000200000a8                g_idle_irq_cnt
 .sbss.g_max_chunk_len
                0x00000000200000ac        0x2 ./userlib/usart2_dma.o
                0x00000000200000ac                g_max_chunk_len
 *fill*         0x00000000200000ae        0x2 
 .sbss.g_ring_overflow_cnt
                0x00000000200000b0        0x4 ./userlib/usart2_dma.o
                0x00000000200000b0                g_ring_overflow_cnt
 .sbss.MCU_Version
                0x00000000200000b4        0x1 ./Peripheral/src/ch32v20x_gpio.o
                0x00000000200000b4                MCU_Version
 *fill*         0x00000000200000b5        0x3 
 .sbss.NVIC_Priority_Group
                0x00000000200000b8        0x4 ./Peripheral/src/ch32v20x_misc.o
                0x00000000200000b8                NVIC_Priority_Group
 .sbss.p_ms     0x00000000200000bc        0x2 ./Debug/debug.o
 .sbss.p_us     0x00000000200000be        0x1 ./Debug/debug.o
 *fill*         0x00000000200000bf        0x1 
 .sbss.__malloc_free_list
                0x00000000200000c0        0x4 c:/mounriver/mounriver_studio/toolchain/risc-v embedded gcc/bin/../lib/gcc/riscv-none-embed/8.2.0/../../../../riscv-none-embed/lib/rv32imacxw/ilp32\libg_nano.a(lib_a-nano-mallocr.o)
                0x00000000200000c0                __malloc_free_list
 .sbss.__malloc_sbrk_start
                0x00000000200000c4        0x4 c:/mounriver/mounriver_studio/toolchain/risc-v embedded gcc/bin/../lib/gcc/riscv-none-embed/8.2.0/../../../../riscv-none-embed/lib/rv32imacxw/ilp32\libg_nano.a(lib_a-nano-mallocr.o)
                0x00000000200000c4                __malloc_sbrk_start
 *(.gnu.linkonce.sb.*)
 *(.bss*)
 .bss.rx_dma_buf
                0x00000000200000c8      0x200 ./userlib/usart2_dma.o
 .bss.rx_ring   0x00000000200002c8       0x10 ./userlib/usart2_dma.o
 .bss.rx_ring_mem
                0x00000000200002d8      0x400 ./userlib/usart2_dma.o
 .bss.g_dev_cfg
                0x00000000200006d8       0x2c ./User/main.o
                0x00000000200006d8                g_dev_cfg
 .bss.g_dev_rt  0x0000000020000704       0x10 ./User/main.o
                0x0000000020000704                g_dev_rt
 .bss.g_proto   0x0000000020000714      0x11c ./User/main.o
 .bss.g_rx_chunk
                0x0000000020000830      0x100 ./User/main.o
 *(.gnu.linkonce.b.*)
 *(COMMON*)
 COMMON         0x0000000020000930        0x4 c:/mounriver/mounriver_studio/toolchain/risc-v embedded gcc/bin/../lib/gcc/riscv-none-embed/8.2.0/../../../../riscv-none-embed/lib/rv32imacxw/ilp32\libg_nano.a(lib_a-reent.o)
                0x0000000020000930                errno
                0x0000000020000934                . = ALIGN (0x4)
                0x0000000020000934                PROVIDE (_ebss = .)
                0x0000000020000934                PROVIDE (_end = _ebss)
                [!provide]                        PROVIDE (end = .)

.stack          0x0000000020004800      0x800
                0x0000000020004800                PROVIDE (_heap_end = .)
                0x0000000020004800                . = ALIGN (0x4)
                [!provide]                        PROVIDE (_susrstack = .)
                0x0000000020005000                . = (. + __stack_size)
 *fill*         0x0000000020004800      0x800 
                0x0000000020005000                PROVIDE (_eusrstack = .)
OUTPUT(app.elf elf32-littleriscv)

.debug_info     0x0000000000000000    0x123a1
 .debug_info    0x0000000000000000      0x124 ./userlib/crc16.o
 .debug_info    0x0000000000000124     0x19d1 ./userlib/device_hw.o
 .debug_info    0x0000000000001af5      0xf08 ./userlib/device_logic.o
 .debug_info    0x00000000000029fd     0x127a ./userlib/proto.o
 .debug_info    0x0000000000003c77      0x3ef ./userlib/ringbuf.o
 .debug_info    0x0000000000004066     0x12d5 ./userlib/timer.o
 .debug_info    0x000000000000533b     0x14a8 ./userlib/usart2_dma.o
 .debug_info    0x00000000000067e3      0xbc0 ./User/ch32v20x_it.o
 .debug_info    0x00000000000073a3     0x15d4 ./User/main.o
 .debug_info    0x0000000000008977      0xb89 ./User/system_ch32v20x.o
 .debug_info    0x0000000000009500       0x22 ./Startup/startup_ch32v20x_D6.o
 .debug_info    0x0000000000009522      0xd21 ./Peripheral/src/ch32v20x_dma.o
 .debug_info    0x000000000000a243     0x1354 ./Peripheral/src/ch32v20x_gpio.o
 .debug_info    0x000000000000b597      0xe6c ./Peripheral/src/ch32v20x_misc.o
 .debug_info    0x000000000000c403     0x1273 ./Peripheral/src/ch32v20x_rcc.o
 .debug_info    0x000000000000d676     0x2abe ./Peripheral/src/ch32v20x_tim.o
 .debug_info    0x0000000000010134     0x1340 ./Peripheral/src/ch32v20x_usart.o
 .debug_info    0x0000000000011474      0xf2d ./Debug/debug.o

.debug_abbrev   0x0000000000000000     0x3170
 .debug_abbrev  0x0000000000000000       0xa1 ./userlib/crc16.o
 .debug_abbrev  0x00000000000000a1      0x37e ./userlib/device_hw.o
 .debug_abbrev  0x000000000000041f      0x2da ./userlib/device_logic.o
 .debug_abbrev  0x00000000000006f9      0x363 ./userlib/proto.o
 .debug_abbrev  0x0000000000000a5c      0x19f ./userlib/ringbuf.o
 .debug_abbrev  0x0000000000000bfb      0x299 ./userlib/timer.o
 .debug_abbrev  0x0000000000000e94      0x34f ./userlib/usart2_dma.o
 .debug_abbrev  0x00000000000011e3      0x22c ./User/ch32v20x_it.o
 .debug_abbrev  0x000000000000140f      0x3e1 ./User/main.o
 .debug_abbrev  0x00000000000017f0      0x2c0 ./User/system_ch32v20x.o
 .debug_abbrev  0x0000000000001ab0       0x12 ./Startup/startup_ch32v20x_D6.o
 .debug_abbrev  0x0000000000001ac2      0x302 ./Peripheral/src/ch32v20x_dma.o
 .debug_abbrev  0x0000000000001dc4      0x34b ./Peripheral/src/ch32v20x_gpio.o
 .debug_abbrev  0x000000000000210f      0x2ea ./Peripheral/src/ch32v20x_misc.o
 .debug_abbrev  0x00000000000023f9      0x36b ./Peripheral/src/ch32v20x_rcc.o
 .debug_abbrev  0x0000000000002764      0x418 ./Peripheral/src/ch32v20x_tim.o
 .debug_abbrev  0x0000000000002b7c      0x312 ./Peripheral/src/ch32v20x_usart.o
 .debug_abbrev  0x0000000000002e8e      0x2e2 ./Debug/debug.o

.debug_loc      0x0000000000000000     0x4a2b
 .debug_loc     0x0000000000000000       0xb7 ./userlib/crc16.o
 .debug_loc     0x00000000000000b7      0x47c ./userlib/device_hw.o
 .debug_loc     0x0000000000000533      0x3ef ./userlib/device_logic.o
 .debug_loc     0x0000000000000922      0x635 ./userlib/proto.o
 .debug_loc     0x0000000000000f57      0x363 ./userlib/ringbuf.o
 .debug_loc     0x00000000000012ba      0x130 ./userlib/usart2_dma.o
 .debug_loc     0x00000000000013ea      0x241 ./User/main.o
 .debug_loc     0x000000000000162b       0xac ./User/system_ch32v20x.o
 .debug_loc     0x00000000000016d7      0x155 ./Peripheral/src/ch32v20x_dma.o
 .debug_loc     0x000000000000182c      0x8a1 ./Peripheral/src/ch32v20x_gpio.o
 .debug_loc     0x00000000000020cd       0x2d ./Peripheral/src/ch32v20x_misc.o
 .debug_loc     0x00000000000020fa      0x797 ./Peripheral/src/ch32v20x_rcc.o
 .debug_loc     0x0000000000002891     0x190e ./Peripheral/src/ch32v20x_tim.o
 .debug_loc     0x000000000000419f      0x715 ./Peripheral/src/ch32v20x_usart.o
 .debug_loc     0x00000000000048b4      0x177 ./Debug/debug.o

.debug_aranges  0x0000000000000000      0x8f0
 .debug_aranges
                0x0000000000000000       0x20 ./userlib/crc16.o
 .debug_aranges
                0x0000000000000020       0x30 ./userlib/device_hw.o
 .debug_aranges
                0x0000000000000050       0x88 ./userlib/device_logic.o
 .debug_aranges
                0x00000000000000d8       0x38 ./userlib/proto.o
 .debug_aranges
                0x0000000000000110       0x40 ./userlib/ringbuf.o
 .debug_aranges
                0x0000000000000150       0x30 ./userlib/timer.o
 .debug_aranges
                0x0000000000000180       0x38 ./userlib/usart2_dma.o
 .debug_aranges
                0x00000000000001b8       0x28 ./User/ch32v20x_it.o
 .debug_aranges
                0x00000000000001e0       0x40 ./User/main.o
 .debug_aranges
                0x0000000000000220       0x28 ./User/system_ch32v20x.o
 .debug_aranges
                0x0000000000000248       0x30 ./Startup/startup_ch32v20x_D6.o
 .debug_aranges
                0x0000000000000278       0x60 ./Peripheral/src/ch32v20x_dma.o
 .debug_aranges
                0x00000000000002d8       0xb0 ./Peripheral/src/ch32v20x_gpio.o
 .debug_aranges
                0x0000000000000388       0x28 ./Peripheral/src/ch32v20x_misc.o
 .debug_aranges
                0x00000000000003b0      0x130 ./Peripheral/src/ch32v20x_rcc.o
 .debug_aranges
                0x00000000000004e0      0x2d0 ./Peripheral/src/ch32v20x_tim.o
 .debug_aranges
                0x00000000000007b0       0xf0 ./Peripheral/src/ch32v20x_usart.o
 .debug_aranges
                0x00000000000008a0       0x50 ./Debug/debug.o

.debug_ranges   0x0000000000000000      0xc00
 .debug_ranges  0x0000000000000000       0x60 ./userlib/crc16.o
 .debug_ranges  0x0000000000000060       0x98 ./userlib/device_hw.o
 .debug_ranges  0x00000000000000f8       0xa8 ./userlib/device_logic.o
 .debug_ranges  0x00000000000001a0      0x198 ./userlib/proto.o
 .debug_ranges  0x0000000000000338       0xd0 ./userlib/ringbuf.o
 .debug_ranges  0x0000000000000408       0x20 ./userlib/timer.o
 .debug_ranges  0x0000000000000428       0x80 ./userlib/usart2_dma.o
 .debug_ranges  0x00000000000004a8       0x18 ./User/ch32v20x_it.o
 .debug_ranges  0x00000000000004c0       0x78 ./User/main.o
 .debug_ranges  0x0000000000000538       0x38 ./User/system_ch32v20x.o
 .debug_ranges  0x0000000000000570       0x28 ./Startup/startup_ch32v20x_D6.o
 .debug_ranges  0x0000000000000598       0x50 ./Peripheral/src/ch32v20x_dma.o
 .debug_ranges  0x00000000000005e8       0xa0 ./Peripheral/src/ch32v20x_gpio.o
 .debug_ranges  0x0000000000000688       0x48 ./Peripheral/src/ch32v20x_misc.o
 .debug_ranges  0x00000000000006d0      0x120 ./Peripheral/src/ch32v20x_rcc.o
 .debug_ranges  0x00000000000007f0      0x2f0 ./Peripheral/src/ch32v20x_tim.o
 .debug_ranges  0x0000000000000ae0       0xe0 ./Peripheral/src/ch32v20x_usart.o
 .debug_ranges  0x0000000000000bc0       0x40 ./Debug/debug.o

.debug_line     0x0000000000000000     0xc28f
 .debug_line    0x0000000000000000      0x25a ./userlib/crc16.o
 .debug_line    0x000000000000025a      0x977 ./userlib/device_hw.o
 .debug_line    0x0000000000000bd1      0xaa0 ./userlib/device_logic.o
 .debug_line    0x0000000000001671      0xbcf ./userlib/proto.o
 .debug_line    0x0000000000002240      0x5e8 ./userlib/ringbuf.o
 .debug_line    0x0000000000002828      0x53e ./userlib/timer.o
 .debug_line    0x0000000000002d66      0x915 ./userlib/usart2_dma.o
 .debug_line    0x000000000000367b      0x2aa ./User/ch32v20x_it.o
 .debug_line    0x0000000000003925      0x775 ./User/main.o
 .debug_line    0x000000000000409a      0x6b7 ./User/system_ch32v20x.o
 .debug_line    0x0000000000004751      0x121 ./Startup/startup_ch32v20x_D6.o
 .debug_line    0x0000000000004872      0x7c1 ./Peripheral/src/ch32v20x_dma.o
 .debug_line    0x0000000000005033     0x1615 ./Peripheral/src/ch32v20x_gpio.o
 .debug_line    0x0000000000006648      0x3e7 ./Peripheral/src/ch32v20x_misc.o
 .debug_line    0x0000000000006a2f     0x119d ./Peripheral/src/ch32v20x_rcc.o
 .debug_line    0x0000000000007bcc     0x30fa ./Peripheral/src/ch32v20x_tim.o
 .debug_line    0x000000000000acc6      0xe80 ./Peripheral/src/ch32v20x_usart.o
 .debug_line    0x000000000000bb46      0x749 ./Debug/debug.o

.debug_str      0x0000000000000000     0x2e12
 .debug_str     0x0000000000000000      0x175 ./userlib/crc16.o
                                        0x1c6 (size before relaxing)
 .debug_str     0x0000000000000175      0xb18 ./userlib/device_hw.o
                                        0xd12 (size before relaxing)
 .debug_str     0x0000000000000c8d      0x13e ./userlib/device_logic.o
                                        0x8b1 (size before relaxing)
 .debug_str     0x0000000000000dcb      0x227 ./userlib/proto.o
                                        0x815 (size before relaxing)
 .debug_str     0x0000000000000ff2       0x6e ./userlib/ringbuf.o
                                        0x23d (size before relaxing)
 .debug_str     0x0000000000001060      0x435 ./userlib/timer.o
                                        0xd5e (size before relaxing)
 .debug_str     0x0000000000001495      0x300 ./userlib/usart2_dma.o
                                        0xe54 (size before relaxing)
 .debug_str     0x0000000000001795       0x9c ./User/ch32v20x_it.o
                                        0x685 (size before relaxing)
 .debug_str     0x0000000000001831       0xaa ./User/main.o
                                        0xb93 (size before relaxing)
 .debug_str     0x00000000000018db       0xf5 ./User/system_ch32v20x.o
                                        0x6cc (size before relaxing)
 .debug_str     0x00000000000019d0       0x2d ./Startup/startup_ch32v20x_D6.o
                                         0x69 (size before relaxing)
 .debug_str     0x00000000000019fd      0x108 ./Peripheral/src/ch32v20x_dma.o
                                        0x7f3 (size before relaxing)
 .debug_str     0x0000000000001b05      0x260 ./Peripheral/src/ch32v20x_gpio.o
                                        0x9bc (size before relaxing)
 .debug_str     0x0000000000001d65       0x9c ./Peripheral/src/ch32v20x_misc.o
                                        0xa7e (size before relaxing)
 .debug_str     0x0000000000001e01      0x3aa ./Peripheral/src/ch32v20x_rcc.o
                                        0xace (size before relaxing)
 .debug_str     0x00000000000021ab      0x8d7 ./Peripheral/src/ch32v20x_tim.o
                                       0x12b9 (size before relaxing)
 .debug_str     0x0000000000002a82      0x2f6 ./Peripheral/src/ch32v20x_usart.o
                                        0xaea (size before relaxing)
 .debug_str     0x0000000000002d78       0x9a ./Debug/debug.o
                                        0x911 (size before relaxing)

.comment        0x0000000000000000       0x33
 .comment       0x0000000000000000       0x33 ./userlib/crc16.o
                                         0x34 (size before relaxing)
 .comment       0x0000000000000033       0x34 ./userlib/device_hw.o
 .comment       0x0000000000000033       0x34 ./userlib/device_logic.o
 .comment       0x0000000000000033       0x34 ./userlib/proto.o
 .comment       0x0000000000000033       0x34 ./userlib/ringbuf.o
 .comment       0x0000000000000033       0x34 ./userlib/timer.o
 .comment       0x0000000000000033       0x34 ./userlib/usart2_dma.o
 .comment       0x0000000000000033       0x34 ./User/ch32v20x_it.o
 .comment       0x0000000000000033       0x34 ./User/main.o
 .comment       0x0000000000000033       0x34 ./User/system_ch32v20x.o
 .comment       0x0000000000000033       0x34 ./Peripheral/src/ch32v20x_dma.o
 .comment       0x0000000000000033       0x34 ./Peripheral/src/ch32v20x_gpio.o
 .comment       0x0000000000000033       0x34 ./Peripheral/src/ch32v20x_misc.o
 .comment       0x0000000000000033       0x34 ./Peripheral/src/ch32v20x_rcc.o
 .comment       0x0000000000000033       0x34 ./Peripheral/src/ch32v20x_tim.o
 .comment       0x0000000000000033       0x34 ./Peripheral/src/ch32v20x_usart.o
 .comment       0x0000000000000033       0x34 ./Debug/debug.o

.debug_frame    0x0000000000000000     0x1d58
 .debug_frame   0x0000000000000000       0x20 ./userlib/crc16.o
 .debug_frame   0x0000000000000020       0x98 ./userlib/device_hw.o
 .debug_frame   0x00000000000000b8       0xf0 ./userlib/device_logic.o
 .debug_frame   0x00000000000001a8       0xb4 ./userlib/proto.o
 .debug_frame   0x000000000000025c       0x90 ./userlib/ringbuf.o
 .debug_frame   0x00000000000002ec       0x74 ./userlib/timer.o
 .debug_frame   0x0000000000000360       0xa8 ./userlib/usart2_dma.o
 .debug_frame   0x0000000000000408       0x30 ./User/ch32v20x_it.o
 .debug_frame   0x0000000000000438       0xb4 ./User/main.o
 .debug_frame   0x00000000000004ec       0x3c ./User/system_ch32v20x.o
 .debug_frame   0x0000000000000528       0xcc ./Peripheral/src/ch32v20x_dma.o
 .debug_frame   0x00000000000005f4      0x170 ./Peripheral/src/ch32v20x_gpio.o
 .debug_frame   0x0000000000000764       0x30 ./Peripheral/src/ch32v20x_misc.o
 .debug_frame   0x0000000000000794      0x254 ./Peripheral/src/ch32v20x_rcc.o
 .debug_frame   0x00000000000009e8      0x614 ./Peripheral/src/ch32v20x_tim.o
 .debug_frame   0x0000000000000ffc      0x1e4 ./Peripheral/src/ch32v20x_usart.o
 .debug_frame   0x00000000000011e0       0xb8 ./Debug/debug.o
 .debug_frame   0x0000000000001298       0x20 c:/mounriver/mounriver_studio/toolchain/risc-v embedded gcc/bin/../lib/gcc/riscv-none-embed/8.2.0/../../../../riscv-none-embed/lib/rv32imacxw/ilp32\libg_nano.a(lib_a-memcmp.o)
 .debug_frame   0x00000000000012b8       0x20 c:/mounriver/mounriver_studio/toolchain/risc-v embedded gcc/bin/../lib/gcc/riscv-none-embed/8.2.0/../../../../riscv-none-embed/lib/rv32imacxw/ilp32\libg_nano.a(lib_a-memcpy.o)
 .debug_frame   0x00000000000012d8       0x20 c:/mounriver/mounriver_studio/toolchain/risc-v embedded gcc/bin/../lib/gcc/riscv-none-embed/8.2.0/../../../../riscv-none-embed/lib/rv32imacxw/ilp32\libg_nano.a(lib_a-memmove.o)
 .debug_frame   0x00000000000012f8       0x54 c:/mounriver/mounriver_studio/toolchain/risc-v embedded gcc/bin/../lib/gcc/riscv-none-embed/8.2.0/../../../../riscv-none-embed/lib/rv32imacxw/ilp32\libg_nano.a(lib_a-printf.o)
 .debug_frame   0x000000000000134c       0x60 c:/mounriver/mounriver_studio/toolchain/risc-v embedded gcc/bin/../lib/gcc/riscv-none-embed/8.2.0/../../../../riscv-none-embed/lib/rv32imacxw/ilp32\libg_nano.a(lib_a-snprintf.o)
 .debug_frame   0x00000000000013ac      0x148 c:/mounriver/mounriver_studio/toolchain/risc-v embedded gcc/bin/../lib/gcc/riscv-none-embed/8.2.0/../../../../riscv-none-embed/lib/rv32imacxw/ilp32\libg_nano.a(lib_a-findfp.o)
 .debug_frame   0x00000000000014f4       0x88 c:/mounriver/mounriver_studio/toolchain/risc-v embedded gcc/bin/../lib/gcc/riscv-none-embed/8.2.0/../../../../riscv-none-embed/lib/rv32imacxw/ilp32\libg_nano.a(lib_a-fwalk.o)
 .debug_frame   0x000000000000157c       0x40 c:/mounriver/mounriver_studio/toolchain/risc-v embedded gcc/bin/../lib/gcc/riscv-none-embed/8.2.0/../../../../riscv-none-embed/lib/rv32imacxw/ilp32\libg_nano.a(lib_a-nano-mallocr.o)
 .debug_frame   0x00000000000015bc       0xe0 c:/mounriver/mounriver_studio/toolchain/risc-v embedded gcc/bin/../lib/gcc/riscv-none-embed/8.2.0/../../../../riscv-none-embed/lib/rv32imacxw/ilp32\libg_nano.a(lib_a-nano-svfprintf.o)
 .debug_frame   0x000000000000169c       0xd0 c:/mounriver/mounriver_studio/toolchain/risc-v embedded gcc/bin/../lib/gcc/riscv-none-embed/8.2.0/../../../../riscv-none-embed/lib/rv32imacxw/ilp32\libg_nano.a(lib_a-nano-vfprintf.o)
 .debug_frame   0x000000000000176c       0x8c c:/mounriver/mounriver_studio/toolchain/risc-v embedded gcc/bin/../lib/gcc/riscv-none-embed/8.2.0/../../../../riscv-none-embed/lib/rv32imacxw/ilp32\libg_nano.a(lib_a-nano-vfprintf_i.o)
 .debug_frame   0x00000000000017f8       0x30 c:/mounriver/mounriver_studio/toolchain/risc-v embedded gcc/bin/../lib/gcc/riscv-none-embed/8.2.0/../../../../riscv-none-embed/lib/rv32imacxw/ilp32\libg_nano.a(lib_a-sbrkr.o)
 .debug_frame   0x0000000000001828       0xa4 c:/mounriver/mounriver_studio/toolchain/risc-v embedded gcc/bin/../lib/gcc/riscv-none-embed/8.2.0/../../../../riscv-none-embed/lib/rv32imacxw/ilp32\libg_nano.a(lib_a-stdio.o)
 .debug_frame   0x00000000000018cc       0x50 c:/mounriver/mounriver_studio/toolchain/risc-v embedded gcc/bin/../lib/gcc/riscv-none-embed/8.2.0/../../../../riscv-none-embed/lib/rv32imacxw/ilp32\libg_nano.a(lib_a-wbuf.o)
 .debug_frame   0x000000000000191c       0x30 c:/mounriver/mounriver_studio/toolchain/risc-v embedded gcc/bin/../lib/gcc/riscv-none-embed/8.2.0/../../../../riscv-none-embed/lib/rv32imacxw/ilp32\libg_nano.a(lib_a-writer.o)
 .debug_frame   0x000000000000194c       0x3c c:/mounriver/mounriver_studio/toolchain/risc-v embedded gcc/bin/../lib/gcc/riscv-none-embed/8.2.0/../../../../riscv-none-embed/lib/rv32imacxw/ilp32\libg_nano.a(lib_a-wsetup.o)
 .debug_frame   0x0000000000001988       0x30 c:/mounriver/mounriver_studio/toolchain/risc-v embedded gcc/bin/../lib/gcc/riscv-none-embed/8.2.0/../../../../riscv-none-embed/lib/rv32imacxw/ilp32\libg_nano.a(lib_a-closer.o)
 .debug_frame   0x00000000000019b8       0x7c c:/mounriver/mounriver_studio/toolchain/risc-v embedded gcc/bin/../lib/gcc/riscv-none-embed/8.2.0/../../../../riscv-none-embed/lib/rv32imacxw/ilp32\libg_nano.a(lib_a-fflush.o)
 .debug_frame   0x0000000000001a34       0x30 c:/mounriver/mounriver_studio/toolchain/risc-v embedded gcc/bin/../lib/gcc/riscv-none-embed/8.2.0/../../../../riscv-none-embed/lib/rv32imacxw/ilp32\libg_nano.a(lib_a-lseekr.o)
 .debug_frame   0x0000000000001a64       0x64 c:/mounriver/mounriver_studio/toolchain/risc-v embedded gcc/bin/../lib/gcc/riscv-none-embed/8.2.0/../../../../riscv-none-embed/lib/rv32imacxw/ilp32\libg_nano.a(lib_a-makebuf.o)
 .debug_frame   0x0000000000001ac8       0x20 c:/mounriver/mounriver_studio/toolchain/risc-v embedded gcc/bin/../lib/gcc/riscv-none-embed/8.2.0/../../../../riscv-none-embed/lib/rv32imacxw/ilp32\libg_nano.a(lib_a-memchr.o)
 .debug_frame   0x0000000000001ae8       0x30 c:/mounriver/mounriver_studio/toolchain/risc-v embedded gcc/bin/../lib/gcc/riscv-none-embed/8.2.0/../../../../riscv-none-embed/lib/rv32imacxw/ilp32\libg_nano.a(lib_a-mlock.o)
 .debug_frame   0x0000000000001b18       0x40 c:/mounriver/mounriver_studio/toolchain/risc-v embedded gcc/bin/../lib/gcc/riscv-none-embed/8.2.0/../../../../riscv-none-embed/lib/rv32imacxw/ilp32\libg_nano.a(lib_a-nano-freer.o)
 .debug_frame   0x0000000000001b58       0x40 c:/mounriver/mounriver_studio/toolchain/risc-v embedded gcc/bin/../lib/gcc/riscv-none-embed/8.2.0/../../../../riscv-none-embed/lib/rv32imacxw/ilp32\libg_nano.a(lib_a-nano-reallocr.o)
 .debug_frame   0x0000000000001b98       0x30 c:/mounriver/mounriver_studio/toolchain/risc-v embedded gcc/bin/../lib/gcc/riscv-none-embed/8.2.0/../../../../riscv-none-embed/lib/rv32imacxw/ilp32\libg_nano.a(lib_a-readr.o)
 .debug_frame   0x0000000000001bc8       0x70 c:/mounriver/mounriver_studio/toolchain/risc-v embedded gcc/bin/../lib/gcc/riscv-none-embed/8.2.0/../../../../riscv-none-embed/lib/rv32imacxw/ilp32\libg_nano.a(lib_a-reent.o)
 .debug_frame   0x0000000000001c38       0x30 c:/mounriver/mounriver_studio/toolchain/risc-v embedded gcc/bin/../lib/gcc/riscv-none-embed/8.2.0/../../../../riscv-none-embed/lib/rv32imacxw/ilp32\libg_nano.a(lib_a-fstatr.o)
 .debug_frame   0x0000000000001c68       0x30 c:/mounriver/mounriver_studio/toolchain/risc-v embedded gcc/bin/../lib/gcc/riscv-none-embed/8.2.0/../../../../riscv-none-embed/lib/rv32imacxw/ilp32\libg_nano.a(lib_a-isattyr.o)
 .debug_frame   0x0000000000001c98       0x20 c:/mounriver/mounriver_studio/toolchain/risc-v embedded gcc/bin/../lib/gcc/riscv-none-embed/8.2.0/../../../../riscv-none-embed/lib/rv32imacxw/ilp32\libg_nano.a(lib_a-nano-msizer.o)
 .debug_frame   0x0000000000001cb8       0x20 c:/mounriver/mounriver_studio/toolchain/risc-v embedded gcc/bin/../lib/gcc/riscv-none-embed/8.2.0/../../../../riscv-none-embed/lib/rv32imacxw/ilp32\libnosys.a(close.o)
 .debug_frame   0x0000000000001cd8       0x20 c:/mounriver/mounriver_studio/toolchain/risc-v embedded gcc/bin/../lib/gcc/riscv-none-embed/8.2.0/../../../../riscv-none-embed/lib/rv32imacxw/ilp32\libnosys.a(fstat.o)
 .debug_frame   0x0000000000001cf8       0x20 c:/mounriver/mounriver_studio/toolchain/risc-v embedded gcc/bin/../lib/gcc/riscv-none-embed/8.2.0/../../../../riscv-none-embed/lib/rv32imacxw/ilp32\libnosys.a(isatty.o)
 .debug_frame   0x0000000000001d18       0x20 c:/mounriver/mounriver_studio/toolchain/risc-v embedded gcc/bin/../lib/gcc/riscv-none-embed/8.2.0/../../../../riscv-none-embed/lib/rv32imacxw/ilp32\libnosys.a(lseek.o)
 .debug_frame   0x0000000000001d38       0x20 c:/mounriver/mounriver_studio/toolchain/risc-v embedded gcc/bin/../lib/gcc/riscv-none-embed/8.2.0/../../../../riscv-none-embed/lib/rv32imacxw/ilp32\libnosys.a(read.o)

.stab           0x0000000000000000       0x84
 .stab          0x0000000000000000       0x24 c:/mounriver/mounriver_studio/toolchain/risc-v embedded gcc/bin/../lib/gcc/riscv-none-embed/8.2.0/../../../../riscv-none-embed/lib/rv32imacxw/ilp32\libnosys.a(close.o)
 .stab          0x0000000000000024       0x18 c:/mounriver/mounriver_studio/toolchain/risc-v embedded gcc/bin/../lib/gcc/riscv-none-embed/8.2.0/../../../../riscv-none-embed/lib/rv32imacxw/ilp32\libnosys.a(fstat.o)
                                         0x24 (size before relaxing)
 .stab          0x000000000000003c       0x18 c:/mounriver/mounriver_studio/toolchain/risc-v embedded gcc/bin/../lib/gcc/riscv-none-embed/8.2.0/../../../../riscv-none-embed/lib/rv32imacxw/ilp32\libnosys.a(isatty.o)
                                         0x24 (size before relaxing)
 .stab          0x0000000000000054       0x18 c:/mounriver/mounriver_studio/toolchain/risc-v embedded gcc/bin/../lib/gcc/riscv-none-embed/8.2.0/../../../../riscv-none-embed/lib/rv32imacxw/ilp32\libnosys.a(lseek.o)
                                         0x24 (size before relaxing)
 .stab          0x000000000000006c       0x18 c:/mounriver/mounriver_studio/toolchain/risc-v embedded gcc/bin/../lib/gcc/riscv-none-embed/8.2.0/../../../../riscv-none-embed/lib/rv32imacxw/ilp32\libnosys.a(read.o)
                                         0x24 (size before relaxing)

.stabstr        0x0000000000000000      0x117
 .stabstr       0x0000000000000000      0x117 c:/mounriver/mounriver_studio/toolchain/risc-v embedded gcc/bin/../lib/gcc/riscv-none-embed/8.2.0/../../../../riscv-none-embed/lib/rv32imacxw/ilp32\libnosys.a(close.o)
