Archive member included to satisfy reference by file (symbol)

c:/mounriver/mounriver_studio/toolchain/risc-v embedded gcc/bin/../lib/gcc/riscv-none-embed/8.2.0/rv32imacxw/ilp32\libgcc.a(save-restore.o)
                              ./User/main.o (__riscv_save_12)
c:/mounriver/mounriver_studio/toolchain/risc-v embedded gcc/bin/../lib/gcc/riscv-none-embed/8.2.0/../../../../riscv-none-embed/lib/rv32imacxw/ilp32\libg_nano.a(lib_a-memcmp.o)
                              ./userlib/proto.o (memcmp)
c:/mounriver/mounriver_studio/toolchain/risc-v embedded gcc/bin/../lib/gcc/riscv-none-embed/8.2.0/../../../../riscv-none-embed/lib/rv32imacxw/ilp32\libg_nano.a(lib_a-memcpy.o)
                              ./userlib/proto.o (memcpy)
c:/mounriver/mounriver_studio/toolchain/risc-v embedded gcc/bin/../lib/gcc/riscv-none-embed/8.2.0/../../../../riscv-none-embed/lib/rv32imacxw/ilp32\libg_nano.a(lib_a-memmove.o)
                              ./userlib/proto.o (memmove)
c:/mounriver/mounriver_studio/toolchain/risc-v embedded gcc/bin/../lib/gcc/riscv-none-embed/8.2.0/../../../../riscv-none-embed/lib/rv32imacxw/ilp32\libg_nano.a(lib_a-memset.o)
                              ./userlib/proto.o (memset)
c:/mounriver/mounriver_studio/toolchain/risc-v embedded gcc/bin/../lib/gcc/riscv-none-embed/8.2.0/../../../../riscv-none-embed/lib/rv32imacxw/ilp32\libg_nano.a(lib_a-printf.o)
                              ./userlib/device_hw.o (printf)
c:/mounriver/mounriver_studio/toolchain/risc-v embedded gcc/bin/../lib/gcc/riscv-none-embed/8.2.0/../../../../riscv-none-embed/lib/rv32imacxw/ilp32\libg_nano.a(lib_a-puts.o)
                              ./userlib/report_manager.o (puts)
c:/mounriver/mounriver_studio/toolchain/risc-v embedded gcc/bin/../lib/gcc/riscv-none-embed/8.2.0/../../../../riscv-none-embed/lib/rv32imacxw/ilp32\libg_nano.a(lib_a-snprintf.o)
                              ./User/main.o (snprintf)
c:/mounriver/mounriver_studio/toolchain/risc-v embedded gcc/bin/../lib/gcc/riscv-none-embed/8.2.0/../../../../riscv-none-embed/lib/rv32imacxw/ilp32\libg_nano.a(lib_a-wbuf.o)
                              c:/mounriver/mounriver_studio/toolchain/risc-v embedded gcc/bin/../lib/gcc/riscv-none-embed/8.2.0/../../../../riscv-none-embed/lib/rv32imacxw/ilp32\libg_nano.a(lib_a-puts.o) (__swbuf_r)
c:/mounriver/mounriver_studio/toolchain/risc-v embedded gcc/bin/../lib/gcc/riscv-none-embed/8.2.0/../../../../riscv-none-embed/lib/rv32imacxw/ilp32\libg_nano.a(lib_a-wsetup.o)
                              c:/mounriver/mounriver_studio/toolchain/risc-v embedded gcc/bin/../lib/gcc/riscv-none-embed/8.2.0/../../../../riscv-none-embed/lib/rv32imacxw/ilp32\libg_nano.a(lib_a-puts.o) (__swsetup_r)
c:/mounriver/mounriver_studio/toolchain/risc-v embedded gcc/bin/../lib/gcc/riscv-none-embed/8.2.0/../../../../riscv-none-embed/lib/rv32imacxw/ilp32\libg_nano.a(lib_a-fflush.o)
                              c:/mounriver/mounriver_studio/toolchain/risc-v embedded gcc/bin/../lib/gcc/riscv-none-embed/8.2.0/../../../../riscv-none-embed/lib/rv32imacxw/ilp32\libg_nano.a(lib_a-wbuf.o) (_fflush_r)
c:/mounriver/mounriver_studio/toolchain/risc-v embedded gcc/bin/../lib/gcc/riscv-none-embed/8.2.0/../../../../riscv-none-embed/lib/rv32imacxw/ilp32\libg_nano.a(lib_a-findfp.o)
                              c:/mounriver/mounriver_studio/toolchain/risc-v embedded gcc/bin/../lib/gcc/riscv-none-embed/8.2.0/../../../../riscv-none-embed/lib/rv32imacxw/ilp32\libg_nano.a(lib_a-printf.o) (__sinit)
c:/mounriver/mounriver_studio/toolchain/risc-v embedded gcc/bin/../lib/gcc/riscv-none-embed/8.2.0/../../../../riscv-none-embed/lib/rv32imacxw/ilp32\libg_nano.a(lib_a-fwalk.o)
                              c:/mounriver/mounriver_studio/toolchain/risc-v embedded gcc/bin/../lib/gcc/riscv-none-embed/8.2.0/../../../../riscv-none-embed/lib/rv32imacxw/ilp32\libg_nano.a(lib_a-findfp.o) (_fwalk)
c:/mounriver/mounriver_studio/toolchain/risc-v embedded gcc/bin/../lib/gcc/riscv-none-embed/8.2.0/../../../../riscv-none-embed/lib/rv32imacxw/ilp32\libg_nano.a(lib_a-impure.o)
                              c:/mounriver/mounriver_studio/toolchain/risc-v embedded gcc/bin/../lib/gcc/riscv-none-embed/8.2.0/../../../../riscv-none-embed/lib/rv32imacxw/ilp32\libg_nano.a(lib_a-fflush.o) (_global_impure_ptr)
c:/mounriver/mounriver_studio/toolchain/risc-v embedded gcc/bin/../lib/gcc/riscv-none-embed/8.2.0/../../../../riscv-none-embed/lib/rv32imacxw/ilp32\libg_nano.a(lib_a-makebuf.o)
                              c:/mounriver/mounriver_studio/toolchain/risc-v embedded gcc/bin/../lib/gcc/riscv-none-embed/8.2.0/../../../../riscv-none-embed/lib/rv32imacxw/ilp32\libg_nano.a(lib_a-wsetup.o) (__smakebuf_r)
c:/mounriver/mounriver_studio/toolchain/risc-v embedded gcc/bin/../lib/gcc/riscv-none-embed/8.2.0/../../../../riscv-none-embed/lib/rv32imacxw/ilp32\libg_nano.a(lib_a-nano-freer.o)
[...]
Memory Configuration

Name             Origin             Length             Attributes
FLASH            0x0000000000000000 0x000000000000c000 xr
RAM              0x0000000020000000 0x0000000000005000 xrw
*default*        0x0000000000000000 0xffffffffffffffff

Linker script and memory map

LOAD ./userlib/crc16.o
LOAD ./userlib/device_hw.o
LOAD ./userlib/device_logic.o
LOAD ./userlib/proto.o
LOAD ./userlib/report_manager.o
LOAD ./userlib/ringbuf.o
LOAD ./userlib/timer.o
LOAD ./userlib/usart2_dma.o
LOAD ./User/ch32v20x_it.o
LOAD ./User/main.o
LOAD ./User/system_ch32v20x.o
LOAD ./Startup/startup_ch32v20x_D6.o
LOAD ./Peripheral/src/ch32v20x_adc.o
LOAD ./Peripheral/src/ch32v20x_bkp.o
LOAD ./Peripheral/src/ch32v20x_can.o
LOAD ./Peripheral/src/ch32v20x_crc.o
LOAD ./Peripheral/src/ch32v20x_dbgmcu.o
LOAD ./Peripheral/src/ch32v20x_dma.o
LOAD ./Peripheral/src/ch32v20x_exti.o
LOAD ./Peripheral/src/ch32v20x_flash.o
LOAD ./Peripheral/src/ch32v20x_gpio.o
LOAD ./Peripheral/src/ch32v20x_i2c.o
LOAD ./Peripheral/src/ch32v20x_iwdg.o
LOAD ./Peripheral/src/ch32v20x_misc.o
LOAD ./Peripheral/src/ch32v20x_opa.o
LOAD ./Peripheral/src/ch32v20x_pwr.o
LOAD ./Peripheral/src/ch32v20x_rcc.o
LOAD ./Peripheral/src/ch32v20x_rtc.o
LOAD ./Peripheral/src/ch32v20x_spi.o
LOAD ./Peripheral/src/ch32v20x_tim.o
LOAD ./Peripheral/src/ch32v20x_usart.o
LOAD ./Peripheral/src/ch32v20x_wwdg.o
LOAD ./Debug/debug.o
LOAD ./Core/core_riscv.o
LOAD c:/mounriver/mounriver_studio/toolchain/risc-v embedded gcc/bin/../lib/gcc/riscv-none-embed/8.2.0/rv32imacxw/ilp32\libgcc.a
LOAD c:/mounriver/mounriver_studio/toolchain/risc-v embedded gcc/bin/../lib/gcc/riscv-none-embed/8.2.0/../../../../riscv-none-embed/lib/rv32imacxw/ilp32\libg_nano.a
LOAD c:/mounriver/mounriver_studio/toolchain/risc-v embedded gcc/bin/../lib/gcc/riscv-none-embed/8.2.0/../../../../riscv-none-embed/lib/rv32imacxw/ilp32\libc_nano.a
LOAD c:/mounriver/mounriver_studio/toolchain/risc-v embedded gcc/bin/../lib/gcc/riscv-none-embed/8.2.0/rv32imacxw/ilp32\libgcc.a
START GROUP
LOAD c:/mounriver/mounriver_studio/toolchain/risc-v embedded gcc/bin/../lib/gcc/riscv-none-embed/8.2.0/rv32imacxw/ilp32\libgcc.a
LOAD c:/mounriver/mounriver_studio/toolchain/risc-v embedded gcc/bin/../lib/gcc/riscv-none-embed/8.2.0/../../../../riscv-none-embed/lib/rv32imacxw/ilp32\libc_nano.a
LOAD c:/mounriver/mounriver_studio/toolchain/risc-v embedded gcc/bin/../lib/gcc/riscv-none-embed/8.2.0/../../../../riscv-none-embed/lib/rv32imacxw/ilp32\libnosys.a
END GROUP
START GROUP
LOAD c:/mounriver/mounriver_studio/toolchain/risc-v embedded gcc/bin/../lib/gcc/riscv-none-embed/8.2.0/rv32imacxw/ilp32\libgcc.a
LOAD c:/mounriver/mounriver_studio/toolchain/risc-v embedded gcc/bin/../lib/gcc/riscv-none-embed/8.2.0/../../../../riscv-none-embed/lib/rv32imacxw/ilp32\libc_nano.a
LOAD c:/mounriver/mounriver_studio/toolchain/risc-v embedded gcc/bin/../lib/gcc/riscv-none-embed/8.2.0/../../../../riscv-none-embed/lib/rv32imacxw/ilp32\libnosys.a
END GROUP
                0x0000000000000800                __stack_size = 0x800
                [!provide]                        PROVIDE (_stack_size = __stack_size)

.init           0x0000000000000000        0x4
                0x0000000000000000                _sinit = .
                0x0000000000000000                . = ALIGN (0x4)
 *(SORT_NONE(.init))
 .init          0x0000000000000000        0x4 ./Startup/startup_ch32v20x_D6.o
                0x0000000000000000                _start
                0x0000000000000004                . = ALIGN (0x4)
                0x0000000000000004                _einit = .

.vector         0x0000000000000004       0xfc
 *(.vector)
 .vector        0x0000000000000004       0xfc ./Startup/startup_ch32v20x_D6.o
                0x0000000000000100                . = ALIGN (0x40)
                0x0000000000000100                . = (ORIGIN (FLASH) + 0x100)

.app_sig        0x0000000000000100        0x4
 *(.app_sig)
 .app_sig       0x0000000000000100        0x4 ./User/main.o
                0x0000000000000100                APP_SIGNATURE

.text           0x0000000000000104     0x465c
                0x0000000000000104                . = ALIGN (0x4)
 *(.text)
 .text          0x0000000000000104       0x60 c:/mounriver/mounriver_studio/toolchain/risc-v embedded gcc/bin/../lib/gcc/riscv-none-embed/8.2.0/rv32imacxw/ilp32\libgcc.a(save-restore.o)
                0x0000000000000104                __riscv_save_12
                0x000000000000010c                __riscv_save_9
                0x000000000000010c                __riscv_save_11
                0x000000000000010c                __riscv_save_10
                0x000000000000010c                __riscv_save_8
                0x000000000000011a                __riscv_save_4
                0x000000000000011a                __riscv_save_6
                0x000000000000011a                __riscv_save_5
                0x000000000000011a                __riscv_save_7
                0x0000000000000134                __riscv_save_3
                0x0000000000000134                __riscv_save_2
                0x0000000000000134                __riscv_save_1
                0x0000000000000134                __riscv_save_0
                0x0000000000000140                __riscv_restore_12
                0x0000000000000144                __riscv_restore_11
                0x0000000000000144                __riscv_restore_9
                0x0000000000000144                __riscv_restore_10
                0x0000000000000144                __riscv_restore_8
                0x000000000000014e                __riscv_restore_5
                0x000000000000014e                __riscv_restore_7
                0x000000000000014e                __riscv_restore_6
                0x000000000000014e                __riscv_restore_4
                0x0000000000000158                __riscv_restore_3
                0x0000000000000158                __riscv_restore_0
                0x0000000000000158                __riscv_restore_2
                0x0000000000000158                __riscv_restore_1
 .text          0x0000000000000164       0xa8 c:/mounriver/mounriver_studio/toolchain/risc-v embedded gcc/bin/../lib/gcc/riscv-none-embed/8.2.0/../../../../riscv-none-embed/lib/rv32imacxw/ilp32\libg_nano.a(lib_a-memset.o)
                0x0000000000000164                memset
 *(.text.vector_handler*)
 .text.vector_handler
                0x000000000000020c        0x2 ./Startup/startup_ch32v20x_D6.o
                0x000000000000020c                EXTI2_IRQHandler
                0x000000000000020c                TIM1_CC_IRQHandler
                0x000000000000020c                SysTick_Handler
                0x000000000000020c                PVD_IRQHandler
                0x000000000000020c                EXTI3_IRQHandler
                0x000000000000020c                USBFS_IRQHandler
                0x000000000000020c                EXTI0_IRQHandler
                0x000000000000020c                I2C2_EV_IRQHandler
                0x000000000000020c                ADC1_2_IRQHandler
                0x000000000000020c                Break_Point_Handler
                0x000000000000020c                SPI1_IRQHandler
                0x000000000000020c                TAMPER_IRQHandler
                0x000000000000020c                Ecall_M_Mode_Handler
                0x000000000000020c                DMA1_Channel4_IRQHandler
                0x000000000000020c                USART3_IRQHandler
                0x000000000000020c                RTC_IRQHandler
                0x000000000000020c                DMA1_Channel7_IRQHandler
                0x000000000000020c                CAN1_RX1_IRQHandler
                0x000000000000020c                TIM4_IRQHandler
                0x000000000000020c                I2C1_EV_IRQHandler
                0x000000000000020c                DMA1_Channel6_IRQHandler
                0x000000000000020c                UART4_IRQHandler
                0x000000000000020c                RCC_IRQHandler
                0x000000000000020c                TIM1_TRG_COM_IRQHandler
                0x000000000000020c                DMA1_Channel1_IRQHandler
                0x000000000000020c                EXTI15_10_IRQHandler
                0x000000000000020c                DMA1_Channel8_IRQHandler
                0x000000000000020c                EXTI9_5_IRQHandler
                0x000000000000020c                SPI2_IRQHandler
                0x000000000000020c                DMA1_Channel5_IRQHandler
                0x000000000000020c                EXTI4_IRQHandler
                0x000000000000020c                USB_LP_CAN1_RX0_IRQHandler
                0x000000000000020c                USB_HP_CAN1_TX_IRQHandler
                0x000000000000020c                DMA1_Channel3_IRQHandler
                0x000000000000020c                TIM1_UP_IRQHandler
                0x000000000000020c                WWDG_IRQHandler
                0x000000000000020c                Ecall_U_Mode_Handler
                0x000000000000020c                SW_Handler
                0x000000000000020c                TIM1_BRK_IRQHandler
                0x000000000000020c                EXTI1_IRQHandler
                0x000000000000020c                RTCAlarm_IRQHandler
                0x000000000000020c                I2C2_ER_IRQHandler
                0x000000000000020c                DMA1_Channel2_IRQHandler
                0x000000000000020c                CAN1_SCE_IRQHandler
                0x000000000000020c                FLASH_IRQHandler
                0x000000000000020c                USBFSWakeUp_IRQHandler
                0x000000000000020c                USART1_IRQHandler
                0x000000000000020c                I2C1_ER_IRQHandler
                0x000000000000020c                USBWakeUp_IRQHandler
 *(.text.*)
 .text.crc16_modbus
                0x000000000000020e       0x34 ./userlib/crc16.o
                0x000000000000020e                crc16_modbus
 .text.hw_usonic_set_freq
                0x0000000000000242       0x9e ./userlib/device_hw.o
                0x0000000000000242                hw_usonic_set_freq
 .text.device_hw_init
                0x00000000000002e0      0x14a ./userlib/device_hw.o
                0x00000000000002e0                device_hw_init
 .text.device_hw_apply
                0x000000000000042a       0xe4 ./userlib/device_hw.o
                0x000000000000042a                device_hw_apply
 .text.device_logic_init
                0x000000000000050e       0x44 ./userlib/device_logic.o
                0x000000000000050e                device_logic_init
 .text.device_set_work_time
                0x0000000000000552       0x1c ./userlib/device_logic.o
                0x0000000000000552                device_set_work_time
 .text.device_set_stop_time
                0x000000000000056e       0x1c ./userlib/device_logic.o
                0x000000000000056e                device_set_stop_time
 .text.device_set_us_freq
                0x000000000000058a       0x2a ./userlib/device_logic.o
                0x000000000000058a                device_set_us_freq
 .text.device_set_output_mode
                0x00000000000005b4       0x2a ./userlib/device_logic.o
                0x00000000000005b4                device_set_output_mode
 .text.device_get_work_time
                0x00000000000005de        0xa ./userlib/device_logic.o
                0x00000000000005de                device_get_work_time
 .text.device_get_stop_time
                0x00000000000005e8        0xa ./userlib/device_logic.o
                0x00000000000005e8                device_get_stop_time
 .text.device_get_us_freq
                0x00000000000005f2        0xa ./userlib/device_logic.o
                0x00000000000005f2                device_get_us_freq
 .text.device_get_output_mode
                0x00000000000005fc       0x1e ./userlib/device_logic.o
                0x00000000000005fc                device_get_output_mode
 .text.device_logic_tick_1s
                0x000000000000061a       0x5e ./userlib/device_logic.o
                0x000000000000061a                device_logic_tick_1s
 .text.device_logic_tick_ms
                0x0000000000000678       0x86 ./userlib/device_logic.o
                0x0000000000000678                device_logic_tick_ms
 .text.device_led_should_on
                0x00000000000006fe       0x16 ./userlib/device_logic.o
                0x00000000000006fe                device_led_should_on
 .text.device_usonic_should_on
                0x0000000000000714        0xa ./userlib/device_logic.o
                0x0000000000000714                device_usonic_should_on
 .text.device_buzz_should_on
                0x000000000000071e        0xa ./userlib/device_logic.o
                0x000000000000071e                device_buzz_should_on
 .text.parse_one_param
                0x0000000000000728       0xaa ./userlib/proto.o
 .text.proto_encode_param
                0x00000000000007d2       0x96 ./userlib/proto.o
                0x00000000000007d2                proto_encode_param
 .text.proto_build_monitor_frame
                0x0000000000000868       0x74 ./userlib/proto.o
                0x0000000000000868                proto_build_monitor_frame
 .text.proto_build_control_status_ack
                0x00000000000008dc       0x3e ./userlib/proto.o
                0x00000000000008dc                proto_build_control_status_ack
 .text.proto_build_control_id_ack
                0x000000000000091a       0x5a ./userlib/proto.o
                0x000000000000091a                proto_build_control_id_ack
 .text.proto_build_control_param_ack
                0x0000000000000974       0x94 ./userlib/proto.o
                0x0000000000000974                proto_build_control_param_ack
 .text.proto_init
                0x0000000000000a08       0x12 ./userlib/proto.o
                0x0000000000000a08                proto_init
 .text.proto_set_local_id
                0x0000000000000a1a       0x1a ./userlib/proto.o
                0x0000000000000a1a                proto_set_local_id
 .text.proto_feed
                0x0000000000000a34      0x2e6 ./userlib/proto.o
                0x0000000000000a34                proto_feed
 .text.send_monitor_report
                0x0000000000000d1a      0x116 ./userlib/report_manager.o
 .text.report_manager_init
                0x0000000000000e30       0x30 ./userlib/report_manager.o
                0x0000000000000e30                report_manager_init
 .text.report_manager_tick_1s
                0x0000000000000e60       0x2e ./userlib/report_manager.o
                0x0000000000000e60                report_manager_tick_1s
 .text.report_manager_tick_ms
                0x0000000000000e8e       0x3c ./userlib/report_manager.o
                0x0000000000000e8e                report_manager_tick_ms
 .text.report_manager_process
                0x0000000000000eca       0x18 ./userlib/report_manager.o
                0x0000000000000eca                report_manager_process
 .text.report_manager_request_immediate
                0x0000000000000ee2       0x1c ./userlib/report_manager.o
                0x0000000000000ee2                report_manager_request_immediate
 .text.report_manager_set_sensor_id
                0x0000000000000efe       0x28 ./userlib/report_manager.o
                0x0000000000000efe                report_manager_set_sensor_id
 .text.report_manager_on_monitor_ack
                0x0000000000000f26       0x4e ./userlib/report_manager.o
                0x0000000000000f26                report_manager_on_monitor_ack
 .text.ringbuf_init
                0x0000000000000f74       0x12 ./userlib/ringbuf.o
                0x0000000000000f74                ringbuf_init
 .text.ringbuf_free
                0x0000000000000f86       0x24 ./userlib/ringbuf.o
                0x0000000000000f86                ringbuf_free
 .text.ringbuf_count
                0x0000000000000faa       0x22 ./userlib/ringbuf.o
                0x0000000000000faa                ringbuf_count
 .text.ringbuf_write
                0x0000000000000fcc       0xa4 ./userlib/ringbuf.o
                0x0000000000000fcc                ringbuf_write
 .text.ringbuf_read
                0x0000000000001070       0xa4 ./userlib/ringbuf.o
                0x0000000000001070                ringbuf_read
 .text.timer_init
                0x0000000000001114       0xbe ./userlib/timer.o
                0x0000000000001114                timer_init
 .text.TIM3_IRQHandler
                0x00000000000011d2       0x34 ./userlib/timer.o
                0x00000000000011d2                TIM3_IRQHandler
 .text.TIM2_IRQHandler
                0x0000000000001206       0x44 ./userlib/timer.o
                0x0000000000001206                TIM2_IRQHandler
 .text.usart2_dma_idle_init
                0x000000000000124a      0x10e ./userlib/usart2_dma.o
                0x000000000000124a                usart2_dma_idle_init
 .text.usart2_tx_write_blocking
                0x0000000000001358       0x50 ./userlib/usart2_dma.o
                0x0000000000001358                usart2_tx_write_blocking
 .text.usart2_pull_chunk
                0x00000000000013a8       0x12 ./userlib/usart2_dma.o
                0x00000000000013a8                usart2_pull_chunk
 .text.USART2_IRQHandler
                0x00000000000013ba       0xe4 ./userlib/usart2_dma.o
                0x00000000000013ba                USART2_IRQHandler
 .text.NMI_Handler
                0x000000000000149e        0x2 ./User/ch32v20x_it.o
                0x000000000000149e                NMI_Handler
 .text.HardFault_Handler
                0x00000000000014a0       0x10 ./User/ch32v20x_it.o
                0x00000000000014a0                HardFault_Handler
 .text.on_monitor
                0x00000000000014b0       0x32 ./User/main.o
 .text.send_control_status_ack
                0x00000000000014e2       0x3a ./User/main.o
 .text.on_control_ack
                0x000000000000151c       0x80 ./User/main.o
 .text.on_monitor_ack
                0x000000000000159c       0x3c ./User/main.o
 .text.send_control_id_ack.constprop.5
                0x00000000000015d8       0x54 ./User/main.o
 .text.build_param_payload
                0x000000000000162c       0xb6 ./User/main.o
 .text.on_control
                0x00000000000016e2      0x78e ./User/main.o
 .text.startup.main
                0x0000000000001e70      0x102 ./User/main.o
                0x0000000000001e70                main
 .text.SystemInit
                0x0000000000001f72       0xea ./User/system_ch32v20x.o
                0x0000000000001f72                SystemInit
 .text.SystemCoreClockUpdate
                0x000000000000205c       0x8e ./User/system_ch32v20x.o
                0x000000000000205c                SystemCoreClockUpdate
 .text.handle_reset
                0x00000000000020ea       0x8a ./Startup/startup_ch32v20x_D6.o
                0x00000000000020ea                handle_reset
 .text.DMA_DeInit
                0x0000000000002174       0x9c ./Peripheral/src/ch32v20x_dma.o
                0x0000000000002174                DMA_DeInit
 .text.DMA_Init
                0x0000000000002210       0x38 ./Peripheral/src/ch32v20x_dma.o
                0x0000000000002210                DMA_Init
 .text.DMA_Cmd  0x0000000000002248       0x14 ./Peripheral/src/ch32v20x_dma.o
                0x0000000000002248                DMA_Cmd
 .text.DMA_GetCurrDataCounter
                0x000000000000225c        0x8 ./Peripheral/src/ch32v20x_dma.o
                0x000000000000225c                DMA_GetCurrDataCounter
 .text.GPIO_Init
                0x0000000000002264       0xf2 ./Peripheral/src/ch32v20x_gpio.o
                0x0000000000002264                GPIO_Init
 .text.GPIO_SetBits
                0x0000000000002356       0x14 ./Peripheral/src/ch32v20x_gpio.o
                0x0000000000002356                GPIO_SetBits
 .text.GPIO_ResetBits
                0x000000000000236a       0x14 ./Peripheral/src/ch32v20x_gpio.o
                0x000000000000236a                GPIO_ResetBits
 .text.NVIC_PriorityGroupConfig
                0x000000000000237e        0x6 ./Peripheral/src/ch32v20x_misc.o
                0x000000000000237e                NVIC_PriorityGroupConfig
 .text.NVIC_Init
                0x0000000000002384       0x54 ./Peripheral/src/ch32v20x_misc.o
                0x0000000000002384                NVIC_Init
 .text.RCC_GetClocksFreq
                0x00000000000023d8       0xbe ./Peripheral/src/ch32v20x_rcc.o
                0x00000000000023d8                RCC_GetClocksFreq
 .text.RCC_AHBPeriphClockCmd
                0x0000000000002496       0x1e ./Peripheral/src/ch32v20x_rcc.o
                0x0000000000002496                RCC_AHBPeriphClockCmd
 .text.RCC_APB2PeriphClockCmd
                0x00000000000024b4       0x1e ./Peripheral/src/ch32v20x_rcc.o
                0x00000000000024b4                RCC_APB2PeriphClockCmd
 .text.RCC_APB1PeriphClockCmd
                0x00000000000024d2       0x1e ./Peripheral/src/ch32v20x_rcc.o
                0x00000000000024d2                RCC_APB1PeriphClockCmd
 .text.TIM_TimeBaseInit
                0x00000000000024f0       0x6a ./Peripheral/src/ch32v20x_tim.o
                0x00000000000024f0                TIM_TimeBaseInit
 .text.TIM_OC3Init
                0x000000000000255a       0x94 ./Peripheral/src/ch32v20x_tim.o
                0x000000000000255a                TIM_OC3Init
 .text.TIM_TimeBaseStructInit
                0x00000000000025ee       0x16 ./Peripheral/src/ch32v20x_tim.o
                0x00000000000025ee                TIM_TimeBaseStructInit
 .text.TIM_OCStructInit
                0x0000000000002604       0x22 ./Peripheral/src/ch32v20x_tim.o
                0x0000000000002604                TIM_OCStructInit
 .text.TIM_Cmd  0x0000000000002626       0x18 ./Peripheral/src/ch32v20x_tim.o
                0x0000000000002626                TIM_Cmd
 .text.TIM_CtrlPWMOutputs
                0x000000000000263e       0x16 ./Peripheral/src/ch32v20x_tim.o
                0x000000000000263e                TIM_CtrlPWMOutputs
 .text.TIM_ITConfig
                0x0000000000002654       0x12 ./Peripheral/src/ch32v20x_tim.o
                0x0000000000002654                TIM_ITConfig
 .text.TIM_PrescalerConfig
                0x0000000000002666        0x6 ./Peripheral/src/ch32v20x_tim.o
                0x0000000000002666                TIM_PrescalerConfig
 .text.TIM_ARRPreloadConfig
                0x000000000000266c       0x1a ./Peripheral/src/ch32v20x_tim.o
                0x000000000000266c                TIM_ARRPreloadConfig
 .text.TIM_OC3PreloadConfig
                0x0000000000002686        0xe ./Peripheral/src/ch32v20x_tim.o
                0x0000000000002686                TIM_OC3PreloadConfig
 .text.TIM_SetAutoreload
                0x0000000000002694        0x4 ./Peripheral/src/ch32v20x_tim.o
                0x0000000000002694                TIM_SetAutoreload
 .text.TIM_SetCompare3
                0x0000000000002698        0x4 ./Peripheral/src/ch32v20x_tim.o
                0x0000000000002698                TIM_SetCompare3
 .text.TIM_GetITStatus
                0x000000000000269c       0x18 ./Peripheral/src/ch32v20x_tim.o
                0x000000000000269c                TIM_GetITStatus
 .text.TIM_ClearITPendingBit
                0x00000000000026b4        0xc ./Peripheral/src/ch32v20x_tim.o
                0x00000000000026b4                TIM_ClearITPendingBit
 .text.USART_Init
                0x00000000000026c0       0x90 ./Peripheral/src/ch32v20x_usart.o
                0x00000000000026c0                USART_Init
 .text.USART_Cmd
                0x0000000000002750       0x16 ./Peripheral/src/ch32v20x_usart.o
                0x0000000000002750                USART_Cmd
 .text.USART_ITConfig
                0x0000000000002766       0x36 ./Peripheral/src/ch32v20x_usart.o
                0x0000000000002766                USART_ITConfig
 .text.USART_DMACmd
                0x000000000000279c       0x12 ./Peripheral/src/ch32v20x_usart.o
                0x000000000000279c                USART_DMACmd
 .text.USART_SendData
                0x00000000000027ae        0x8 ./Peripheral/src/ch32v20x_usart.o
                0x00000000000027ae                USART_SendData
 .text.USART_GetFlagStatus
                0x00000000000027b6        0xa ./Peripheral/src/ch32v20x_usart.o
                0x00000000000027b6                USART_GetFlagStatus
 .text.USART_GetITStatus
                0x00000000000027c0       0x3c ./Peripheral/src/ch32v20x_usart.o
                0x00000000000027c0                USART_GetITStatus
 .text.Delay_Init
                0x00000000000027fc       0x26 ./Debug/debug.o
                0x00000000000027fc                Delay_Init
 .text.USART_Printf_Init
                0x0000000000002822       0x56 ./Debug/debug.o
                0x0000000000002822                USART_Printf_Init
 .text._write   0x0000000000002878       0x3a ./Debug/debug.o
                0x0000000000002878                _write
 .text._sbrk    0x00000000000028b2       0x26 ./Debug/debug.o
                0x00000000000028b2                _sbrk
 .text.memcmp   0x00000000000028d8       0x24 c:/mounriver/mounriver_studio/toolchain/risc-v embedded gcc/bin/../lib/gcc/riscv-none-embed/8.2.0/../../../../riscv-none-embed/lib/rv32imacxw/ilp32\libg_nano.a(lib_a-memcmp.o)
                0x00000000000028d8                memcmp
 .text.memcpy   0x00000000000028fc       0xb2 c:/mounriver/mounriver_studio/toolchain/risc-v embedded gcc/bin/../lib/gcc/riscv-none-embed/8.2.0/../../../../riscv-none-embed/lib/rv32imacxw/ilp32\libg_nano.a(lib_a-memcpy.o)
                0x00000000000028fc                memcpy
 .text.memmove  0x00000000000029ae       0x46 c:/mounriver/mounriver_studio/toolchain/risc-v embedded gcc/bin/../lib/gcc/riscv-none-embed/8.2.0/../../../../riscv-none-embed/lib/rv32imacxw/ilp32\libg_nano.a(lib_a-memmove.o)
                0x00000000000029ae                memmove
 .text.printf   0x00000000000029f4       0x40 c:/mounriver/mounriver_studio/toolchain/risc-v embedded gcc/bin/../lib/gcc/riscv-none-embed/8.2.0/../../../../riscv-none-embed/lib/rv32imacxw/ilp32\libg_nano.a(lib_a-printf.o)
                0x00000000000029f4                iprintf
                0x00000000000029f4                printf
 .text._puts_r  0x0000000000002a34       0xd4 c:/mounriver/mounriver_studio/toolchain/risc-v embedded gcc/bin/../lib/gcc/riscv-none-embed/8.2.0/../../../../riscv-none-embed/lib/rv32imacxw/ilp32\libg_nano.a(lib_a-puts.o)
                0x0000000000002a34                _puts_r
 .text.puts     0x0000000000002b08        0xa c:/mounriver/mounriver_studio/toolchain/risc-v embedded gcc/bin/../lib/gcc/riscv-none-embed/8.2.0/../../../../riscv-none-embed/lib/rv32imacxw/ilp32\libg_nano.a(lib_a-puts.o)
                0x0000000000002b08                puts
 .text.snprintf
                0x0000000000002b12       0x6c c:/mounriver/mounriver_studio/toolchain/risc-v embedded gcc/bin/../lib/gcc/riscv-none-embed/8.2.0/../../../../riscv-none-embed/lib/rv32imacxw/ilp32\libg_nano.a(lib_a-snprintf.o)
                0x0000000000002b12                sniprintf
                0x0000000000002b12                snprintf
 .text.__swbuf_r
                0x0000000000002b7e       0xbc c:/mounriver/mounriver_studio/toolchain/risc-v embedded gcc/bin/../lib/gcc/riscv-none-embed/8.2.0/../../../../riscv-none-embed/lib/rv32imacxw/ilp32\libg_nano.a(lib_a-wbuf.o)
                0x0000000000002b7e                __swbuf_r
 .text.__swsetup_r
                0x0000000000002c3a       0xfc c:/mounriver/mounriver_studio/toolchain/risc-v embedded gcc/bin/../lib/gcc/riscv-none-embed/8.2.0/../../../../riscv-none-embed/lib/rv32imacxw/ilp32\libg_nano.a(lib_a-wsetup.o)
                0x0000000000002c3a                __swsetup_r
 .text.__sflush_r
                0x0000000000002d36      0x130 c:/mounriver/mounriver_studio/toolchain/risc-v embedded gcc/bin/../lib/gcc/riscv-none-embed/8.2.0/../../../../riscv-none-embed/lib/rv32imacxw/ilp32\libg_nano.a(lib_a-fflush.o)
                0x0000000000002d36                __sflush_r
 .text._fflush_r
                0x0000000000002e66       0x64 c:/mounriver/mounriver_studio/toolchain/risc-v embedded gcc/bin/../lib/gcc/riscv-none-embed/8.2.0/../../../../riscv-none-embed/lib/rv32imacxw/ilp32\libg_nano.a(lib_a-fflush.o)
                0x0000000000002e66                _fflush_r
 .text.std      0x0000000000002eca       0x66 c:/mounriver/mounriver_studio/toolchain/risc-v embedded gcc/bin/../lib/gcc/riscv-none-embed/8.2.0/../../../../riscv-none-embed/lib/rv32imacxw/ilp32\libg_nano.a(lib_a-findfp.o)
 .text._cleanup_r
                0x0000000000002f30        0xa c:/mounriver/mounriver_studio/toolchain/risc-v embedded gcc/bin/../lib/gcc/riscv-none-embed/8.2.0/../../../../riscv-none-embed/lib/rv32imacxw/ilp32\libg_nano.a(lib_a-findfp.o)
                0x0000000000002f30                _cleanup_r
 .text.__sfmoreglue
                0x0000000000002f3a       0x46 c:/mounriver/mounriver_studio/toolchain/risc-v embedded gcc/bin/../lib/gcc/riscv-none-embed/8.2.0/../../../../riscv-none-embed/lib/rv32imacxw/ilp32\libg_nano.a(lib_a-findfp.o)
                0x0000000000002f3a                __sfmoreglue
 .text.__sinit  0x0000000000002f80       0x66 c:/mounriver/mounriver_studio/toolchain/risc-v embedded gcc/bin/../lib/gcc/riscv-none-embed/8.2.0/../../../../riscv-none-embed/lib/rv32imacxw/ilp32\libg_nano.a(lib_a-findfp.o)
                0x0000000000002f80                __sinit
 .text.__sfp    0x0000000000002fe6       0x9c c:/mounriver/mounriver_studio/toolchain/risc-v embedded gcc/bin/../lib/gcc/riscv-none-embed/8.2.0/../../../../riscv-none-embed/lib/rv32imacxw/ilp32\libg_nano.a(lib_a-findfp.o)
                0x0000000000002fe6                __sfp
 .text._fwalk_reent
                0x0000000000003082       0x6a c:/mounriver/mounriver_studio/toolchain/risc-v embedded gcc/bin/../lib/gcc/riscv-none-embed/8.2.0/../../../../riscv-none-embed/lib/rv32imacxw/ilp32\libg_nano.a(lib_a-fwalk.o)
                0x0000000000003082                _fwalk_reent
 .text.__swhatbuf_r
                0x00000000000030ec       0x58 c:/mounriver/mounriver_studio/toolchain/risc-v embedded gcc/bin/../lib/gcc/riscv-none-embed/8.2.0/../../../../riscv-none-embed/lib/rv32imacxw/ilp32\libg_nano.a(lib_a-makebuf.o)
                0x00000000000030ec                __swhatbuf_r
 .text.__smakebuf_r
                0x0000000000003144       0x90 c:/mounriver/mounriver_studio/toolchain/risc-v embedded gcc/bin/../lib/gcc/riscv-none-embed/8.2.0/../../../../riscv-none-embed/lib/rv32imacxw/ilp32\libg_nano.a(lib_a-makebuf.o)
                0x0000000000003144                __smakebuf_r
 .text._free_r  0x00000000000031d4       0xa8 c:/mounriver/mounriver_studio/toolchain/risc-v embedded gcc/bin/../lib/gcc/riscv-none-embed/8.2.0/../../../../riscv-none-embed/lib/rv32imacxw/ilp32\libg_nano.a(lib_a-nano-freer.o)
                0x00000000000031d4                _free_r
 .text._malloc_r
                0x000000000000327c       0xda c:/mounriver/mounriver_studio/toolchain/risc-v embedded gcc/bin/../lib/gcc/riscv-none-embed/8.2.0/../../../../riscv-none-embed/lib/rv32imacxw/ilp32\libg_nano.a(lib_a-nano-mallocr.o)
                0x000000000000327c                _malloc_r
 .text.__ssputs_r
                0x0000000000003356       0xe4 c:/mounriver/mounriver_studio/toolchain/risc-v embedded gcc/bin/../lib/gcc/riscv-none-embed/8.2.0/../../../../riscv-none-embed/lib/rv32imacxw/ilp32\libg_nano.a(lib_a-nano-svfprintf.o)
                0x0000000000003356                __ssputs_r
 .text._svfprintf_r
                0x000000000000343a      0x26a c:/mounriver/mounriver_studio/toolchain/risc-v embedded gcc/bin/../lib/gcc/riscv-none-embed/8.2.0/../../../../riscv-none-embed/lib/rv32imacxw/ilp32\libg_nano.a(lib_a-nano-svfprintf.o)
                0x000000000000343a                _svfiprintf_r
                0x000000000000343a                _svfprintf_r
 .text.__sfputc_r
                0x00000000000036a4       0x28 c:/mounriver/mounriver_studio/toolchain/risc-v embedded gcc/bin/../lib/gcc/riscv-none-embed/8.2.0/../../../../riscv-none-embed/lib/rv32imacxw/ilp32\libg_nano.a(lib_a-nano-vfprintf.o)
 .text.__sfputs_r
                0x00000000000036cc       0x40 c:/mounriver/mounriver_studio/toolchain/risc-v embedded gcc/bin/../lib/gcc/riscv-none-embed/8.2.0/../../../../riscv-none-embed/lib/rv32imacxw/ilp32\libg_nano.a(lib_a-nano-vfprintf.o)
                0x00000000000036cc                __sfputs_r
 .text._vfprintf_r
                0x000000000000370c      0x286 c:/mounriver/mounriver_studio/toolchain/risc-v embedded gcc/bin/../lib/gcc/riscv-none-embed/8.2.0/../../../../riscv-none-embed/lib/rv32imacxw/ilp32\libg_nano.a(lib_a-nano-vfprintf.o)
                0x000000000000370c                _vfprintf_r
                0x000000000000370c                _vfiprintf_r
 .text._printf_common
                0x0000000000003992      0x10c c:/mounriver/mounriver_studio/toolchain/risc-v embedded gcc/bin/../lib/gcc/riscv-none-embed/8.2.0/../../../../riscv-none-embed/lib/rv32imacxw/ilp32\libg_nano.a(lib_a-nano-vfprintf_i.o)
                0x0000000000003992                _printf_common
 .text._printf_i
                0x0000000000003a9e      0x2a2 c:/mounriver/mounriver_studio/toolchain/risc-v embedded gcc/bin/../lib/gcc/riscv-none-embed/8.2.0/../../../../riscv-none-embed/lib/rv32imacxw/ilp32\libg_nano.a(lib_a-nano-vfprintf_i.o)
                0x0000000000003a9e                _printf_i
 .text._sbrk_r  0x0000000000003d40       0x2a c:/mounriver/mounriver_studio/toolchain/risc-v embedded gcc/bin/../lib/gcc/riscv-none-embed/8.2.0/../../../../riscv-none-embed/lib/rv32imacxw/ilp32\libg_nano.a(lib_a-sbrkr.o)
                0x0000000000003d40                _sbrk_r
 .text.__sread  0x0000000000003d6a       0x2c c:/mounriver/mounriver_studio/toolchain/risc-v embedded gcc/bin/../lib/gcc/riscv-none-embed/8.2.0/../../../../riscv-none-embed/lib/rv32imacxw/ilp32\libg_nano.a(lib_a-stdio.o)
                0x0000000000003d6a                __sread
 .text.__swrite
                0x0000000000003d96       0x48 c:/mounriver/mounriver_studio/toolchain/risc-v embedded gcc/bin/../lib/gcc/riscv-none-embed/8.2.0/../../../../riscv-none-embed/lib/rv32imacxw/ilp32\libg_nano.a(lib_a-stdio.o)
                0x0000000000003d96                __swrite
 .text.__sseek  0x0000000000003dde       0x30 c:/mounriver/mounriver_studio/toolchain/risc-v embedded gcc/bin/../lib/gcc/riscv-none-embed/8.2.0/../../../../riscv-none-embed/lib/rv32imacxw/ilp32\libg_nano.a(lib_a-stdio.o)
                0x0000000000003dde                __sseek
 .text.__sclose
                0x0000000000003e0e        0x6 c:/mounriver/mounriver_studio/toolchain/risc-v embedded gcc/bin/../lib/gcc/riscv-none-embed/8.2.0/../../../../riscv-none-embed/lib/rv32imacxw/ilp32\libg_nano.a(lib_a-stdio.o)
                0x0000000000003e0e                __sclose
 .text._write_r
                0x0000000000003e14       0x2e c:/mounriver/mounriver_studio/toolchain/risc-v embedded gcc/bin/../lib/gcc/riscv-none-embed/8.2.0/../../../../riscv-none-embed/lib/rv32imacxw/ilp32\libg_nano.a(lib_a-writer.o)
                0x0000000000003e14                _write_r
 .text._close_r
                0x0000000000003e42       0x28 c:/mounriver/mounriver_studio/toolchain/risc-v embedded gcc/bin/../lib/gcc/riscv-none-embed/8.2.0/../../../../riscv-none-embed/lib/rv32imacxw/ilp32\libg_nano.a(lib_a-closer.o)
                0x0000000000003e42                _close_r
 .text._fstat_r
                0x0000000000003e6a       0x2a c:/mounriver/mounriver_studio/toolchain/risc-v embedded gcc/bin/../lib/gcc/riscv-none-embed/8.2.0/../../../../riscv-none-embed/lib/rv32imacxw/ilp32\libg_nano.a(lib_a-fstatr.o)
                0x0000000000003e6a                _fstat_r
 .text._isatty_r
                0x0000000000003e94       0x28 c:/mounriver/mounriver_studio/toolchain/risc-v embedded gcc/bin/../lib/gcc/riscv-none-embed/8.2.0/../../../../riscv-none-embed/lib/rv32imacxw/ilp32\libg_nano.a(lib_a-isattyr.o)
                0x0000000000003e94                _isatty_r
 .text._lseek_r
                0x0000000000003ebc       0x2c c:/mounriver/mounriver_studio/toolchain/risc-v embedded gcc/bin/../lib/gcc/riscv-none-embed/8.2.0/../../../../riscv-none-embed/lib/rv32imacxw/ilp32\libg_nano.a(lib_a-lseekr.o)
                0x0000000000003ebc                _lseek_r
 .text.memchr   0x0000000000003ee8       0x18 c:/mounriver/mounriver_studio/toolchain/risc-v embedded gcc/bin/../lib/gcc/riscv-none-embed/8.2.0/../../../../riscv-none-embed/lib/rv32imacxw/ilp32\libg_nano.a(lib_a-memchr.o)
                0x0000000000003ee8                memchr
 .text.__malloc_lock
                0x0000000000003f00        0x2 c:/mounriver/mounriver_studio/toolchain/risc-v embedded gcc/bin/../lib/gcc/riscv-none-embed/8.2.0/../../../../riscv-none-embed/lib/rv32imacxw/ilp32\libg_nano.a(lib_a-mlock.o)
                0x0000000000003f00                __malloc_lock
 .text.__malloc_unlock
                0x0000000000003f02        0x2 c:/mounriver/mounriver_studio/toolchain/risc-v embedded gcc/bin/../lib/gcc/riscv-none-embed/8.2.0/../../../../riscv-none-embed/lib/rv32imacxw/ilp32\libg_nano.a(lib_a-mlock.o)
                0x0000000000003f02                __malloc_unlock
 .text._realloc_r
                0x0000000000003f04       0x58 c:/mounriver/mounriver_studio/toolchain/risc-v embedded gcc/bin/../lib/gcc/riscv-none-embed/8.2.0/../../../../riscv-none-embed/lib/rv32imacxw/ilp32\libg_nano.a(lib_a-nano-reallocr.o)
                0x0000000000003f04                _realloc_r
 .text._read_r  0x0000000000003f5c       0x2c c:/mounriver/mounriver_studio/toolchain/risc-v embedded gcc/bin/../lib/gcc/riscv-none-embed/8.2.0/../../../../riscv-none-embed/lib/rv32imacxw/ilp32\libg_nano.a(lib_a-readr.o)
                0x0000000000003f5c                _read_r
 .text._malloc_usable_size_r
                0x0000000000003f88       0x14 c:/mounriver/mounriver_studio/toolchain/risc-v embedded gcc/bin/../lib/gcc/riscv-none-embed/8.2.0/../../../../riscv-none-embed/lib/rv32imacxw/ilp32\libg_nano.a(lib_a-nano-msizer.o)
                0x0000000000003f88                _malloc_usable_size_r
 .text._close   0x0000000000003f9c        0xc c:/mounriver/mounriver_studio/toolchain/risc-v embedded gcc/bin/../lib/gcc/riscv-none-embed/8.2.0/../../../../riscv-none-embed/lib/rv32imacxw/ilp32\libnosys.a(close.o)
                0x0000000000003f9c                _close
 .text._fstat   0x0000000000003fa8        0xc c:/mounriver/mounriver_studio/toolchain/risc-v embedded gcc/bin/../lib/gcc/riscv-none-embed/8.2.0/../../../../riscv-none-embed/lib/rv32imacxw/ilp32\libnosys.a(fstat.o)
                0x0000000000003fa8                _fstat
 .text._isatty  0x0000000000003fb4        0xc c:/mounriver/mounriver_studio/toolchain/risc-v embedded gcc/bin/../lib/gcc/riscv-none-embed/8.2.0/../../../../riscv-none-embed/lib/rv32imacxw/ilp32\libnosys.a(isatty.o)
                0x0000000000003fb4                _isatty
 .text._lseek   0x0000000000003fc0        0xc c:/mounriver/mounriver_studio/toolchain/risc-v embedded gcc/bin/../lib/gcc/riscv-none-embed/8.2.0/../../../../riscv-none-embed/lib/rv32imacxw/ilp32\libnosys.a(lseek.o)
                0x0000000000003fc0                _lseek
 .text._read    0x0000000000003fcc        0xc c:/mounriver/mounriver_studio/toolchain/risc-v embedded gcc/bin/../lib/gcc/riscv-none-embed/8.2.0/../../../../riscv-none-embed/lib/rv32imacxw/ilp32\libnosys.a(read.o)
                0x0000000000003fcc                _read
 *(.rodata)
 *(.rodata*)
 .rodata.hw_usonic_set_freq.str1.4
                0x0000000000003fd8       0x22 ./userlib/device_hw.o
 *fill*         0x0000000000003ffa        0x2 
 .rodata.report_manager_on_monitor_ack.str1.4
                0x0000000000003ffc       0x51 ./userlib/report_manager.o
 *fill*         0x000000000000404d        0x3 
 .rodata.report_manager_tick_ms.str1.4
                0x0000000000004050       0x29 ./userlib/report_manager.o
 *fill*         0x0000000000004079        0x3 
 .rodata.send_monitor_report.str1.4
                0x000000000000407c       0x24 ./userlib/report_manager.o
 .rodata.build_param_payload
                0x00000000000040a0       0x14 ./User/main.o
 .rodata.on_control
                0x00000000000040b4       0x14 ./User/main.o
 .rodata.main.str1.4
                0x00000000000040c8       0x27 ./User/main.o
 *fill*         0x00000000000040ef        0x1 
 .rodata.on_control.str1.4
                0x00000000000040f0      0x4b1 ./User/main.o
 *fill*         0x00000000000045a1        0x3 
 .rodata.on_control_ack.str1.4
                0x00000000000045a4       0x85 ./User/main.o
 *fill*         0x0000000000004629        0x3 
 .rodata.on_monitor.str1.4
                0x000000000000462c       0x1f ./User/main.o
 *fill*         0x000000000000464b        0x1 
 .rodata.on_monitor_ack.str1.4
                0x000000000000464c       0x1a ./User/main.o
 *fill*         0x0000000000004666        0x2 
 .rodata.send_control_id_ack.constprop.5.str1.4
                0x0000000000004668       0x35 ./User/main.o
 *fill*         0x000000000000469d        0x3 
 .rodata.send_control_status_ack.str1.4
                0x00000000000046a0       0x21 ./User/main.o
 *fill*         0x00000000000046c1        0x3 
 .rodata.__sf_fake_stderr
                0x00000000000046c4       0x20 c:/mounriver/mounriver_studio/toolchain/risc-v embedded gcc/bin/../lib/gcc/riscv-none-embed/8.2.0/../../../../riscv-none-embed/lib/rv32imacxw/ilp32\libg_nano.a(lib_a-findfp.o)
                0x00000000000046c4                __sf_fake_stderr
 .rodata.__sf_fake_stdin
                0x00000000000046e4       0x20 c:/mounriver/mounriver_studio/toolchain/risc-v embedded gcc/bin/../lib/gcc/riscv-none-embed/8.2.0/../../../../riscv-none-embed/lib/rv32imacxw/ilp32\libg_nano.a(lib_a-findfp.o)
                0x00000000000046e4                __sf_fake_stdin
 .rodata.__sf_fake_stdout
                0x0000000000004704       0x20 c:/mounriver/mounriver_studio/toolchain/risc-v embedded gcc/bin/../lib/gcc/riscv-none-embed/8.2.0/../../../../riscv-none-embed/lib/rv32imacxw/ilp32\libg_nano.a(lib_a-findfp.o)
                0x0000000000004704                __sf_fake_stdout
 .rodata._svfprintf_r.str1.4
                0x0000000000004724       0x13 c:/mounriver/mounriver_studio/toolchain/risc-v embedded gcc/bin/../lib/gcc/riscv-none-embed/8.2.0/../../../../riscv-none-embed/lib/rv32imacxw/ilp32\libg_nano.a(lib_a-nano-svfprintf.o)
 .rodata._vfprintf_r.str1.4
                0x0000000000004737       0x13 c:/mounriver/mounriver_studio/toolchain/risc-v embedded gcc/bin/../lib/gcc/riscv-none-embed/8.2.0/../../../../riscv-none-embed/lib/rv32imacxw/ilp32\libg_nano.a(lib_a-nano-vfprintf.o)
 *fill*         0x0000000000004737        0x1 
 .rodata._printf_i.str1.4
                0x0000000000004738       0x28 c:/mounriver/mounriver_studio/toolchain/risc-v embedded gcc/bin/../lib/gcc/riscv-none-embed/8.2.0/../../../../riscv-none-embed/lib/rv32imacxw/ilp32\libg_nano.a(lib_a-nano-vfprintf_i.o)
                                         0x25 (size before relaxing)
 *(.gnu.linkonce.t.*)
                0x0000000000004760                . = ALIGN (0x4)

.rela.dyn       0x0000000000004760        0x0
 .rela.init     0x0000000000004760        0x0 ./userlib/crc16.o
 .rela.vector   0x0000000000004760        0x0 ./userlib/crc16.o
 .rela.text.handle_reset
                0x0000000000004760        0x0 ./userlib/crc16.o
 .rela.text._sbrk
                0x0000000000004760        0x0 ./userlib/crc16.o
 .rela.sdata.curbrk.4672
                0x0000000000004760        0x0 ./userlib/crc16.o
 .rela.text._svfprintf_r
                0x0000000000004760        0x0 ./userlib/crc16.o
 .rela.text._vfprintf_r
                0x0000000000004760        0x0 ./userlib/crc16.o
 .rela.text._sbrk_r
                0x0000000000004760        0x0 ./userlib/crc16.o
 .rela.text._write_r
                0x0000000000004760        0x0 ./userlib/crc16.o
 .rela.text._close_r
                0x0000000000004760        0x0 ./userlib/crc16.o
 .rela.text._fstat_r
                0x0000000000004760        0x0 ./userlib/crc16.o
 .rela.text._isatty_r
                0x0000000000004760        0x0 ./userlib/crc16.o
 .rela.text._lseek_r
                0x0000000000004760        0x0 ./userlib/crc16.o
 .rela.text._read_r
                0x0000000000004760        0x0 ./userlib/crc16.o
 .rela.text._close
                0x0000000000004760        0x0 ./userlib/crc16.o
 .rela.text._fstat
                0x0000000000004760        0x0 ./userlib/crc16.o
 .rela.text._isatty
                0x0000000000004760        0x0 ./userlib/crc16.o
 .rela.text._lseek
                0x0000000000004760        0x0 ./userlib/crc16.o
 .rela.text._read
                0x0000000000004760        0x0 ./userlib/crc16.o

.fini           0x0000000000004760        0x0
 *(SORT_NONE(.fini))
                0x0000000000004760                . = ALIGN (0x4)
                [!provide]                        PROVIDE (_etext = .)
                [!provide]                        PROVIDE (_eitcm = .)

.preinit_array  0x0000000000004760        0x0
                [!provide]                        PROVIDE (__preinit_array_start = .)
 *(.preinit_array)
                [!provide]                        PROVIDE (__preinit_array_end = .)

.init_array     0x0000000000004760        0x0
                [!provide]                        PROVIDE (__init_array_start = .)
 *(SORT_BY_INIT_PRIORITY(.init_array.*) SORT_BY_INIT_PRIORITY(.ctors.*))
 *(.init_array EXCLUDE_FILE(*crtend?.o *crtend.o *crtbegin?.o *crtbegin.o) .ctors)
                [!provide]                        PROVIDE (__init_array_end = .)

.fini_array     0x0000000000004760        0x0
                [!provide]                        PROVIDE (__fini_array_start = .)
 *(SORT_BY_INIT_PRIORITY(.fini_array.*) SORT_BY_INIT_PRIORITY(.dtors.*))
 *(.fini_array EXCLUDE_FILE(*crtend?.o *crtend.o *crtbegin?.o *crtbegin.o) .dtors)
                [!provide]                        PROVIDE (__fini_array_end = .)

.ctors
 *crtbegin.o(.ctors)
 *crtbegin?.o(.ctors)
 *(EXCLUDE_FILE(*crtend?.o *crtend.o) .ctors)
 *(SORT_BY_NAME(.ctors.*))
 *(.ctors)

.dtors
 *crtbegin.o(.dtors)
 *crtbegin?.o(.dtors)
 *(EXCLUDE_FILE(*crtend?.o *crtend.o) .dtors)
 *(SORT_BY_NAME(.dtors.*))
 *(.dtors)

.dalign         0x0000000020000000        0x0 load address 0x0000000000004760
                0x0000000020000000                . = ALIGN (0x4)
                0x0000000020000000                PROVIDE (_data_vma = .)

.dlalign        0x0000000000004760        0x0
                0x0000000000004760                . = ALIGN (0x4)
                0x0000000000004760                PROVIDE (_data_lma = .)

.data           0x0000000020000000       0xa0 load address 0x0000000000004760
 *(.gnu.linkonce.r.*)
 *(.data .data.*)
 .data.AHBPrescTable
                0x0000000020000000       0x10 ./User/system_ch32v20x.o
                0x0000000020000000                AHBPrescTable
 .data.APBAHBPrescTable
                0x0000000020000010       0x10 ./Peripheral/src/ch32v20x_rcc.o
 .data.impure_data
                0x0000000020000020       0x60 c:/mounriver/mounriver_studio/toolchain/risc-v embedded gcc/bin/../lib/gcc/riscv-none-embed/8.2.0/../../../../riscv-none-embed/lib/rv32imacxw/ilp32\libg_nano.a(lib_a-impure.o)
 *(.gnu.linkonce.d.*)
                0x0000000020000080                . = ALIGN (0x8)
                0x0000000020000880                PROVIDE (__global_pointer$ = (. + 0x800))
 *(.sdata .sdata.*)
 .sdata.g_sensor_id
                0x0000000020000080        0x6 ./User/main.o
 *fill*         0x0000000020000086        0x2 
 .sdata.SystemCoreClock
                0x0000000020000088        0x4 ./User/system_ch32v20x.o
                0x0000000020000088                SystemCoreClock
 .sdata.ADCPrescTable
                0x000000002000008c        0x4 ./Peripheral/src/ch32v20x_rcc.o
 .sdata.curbrk.4672
                0x0000000020000090        0x4 ./Debug/debug.o
 .sdata._impure_ptr
                0x0000000020000094        0x4 c:/mounriver/mounriver_studio/toolchain/risc-v embedded gcc/bin/../lib/gcc/riscv-none-embed/8.2.0/../../../../riscv-none-embed/lib/rv32imacxw/ilp32\libg_nano.a(lib_a-impure.o)
                0x0000000020000094                _impure_ptr
 *(.sdata2.*)
 .sdata2._global_impure_ptr
                0x0000000020000098        0x4 c:/mounriver/mounriver_studio/toolchain/risc-v embedded gcc/bin/../lib/gcc/riscv-none-embed/8.2.0/../../../../riscv-none-embed/lib/rv32imacxw/ilp32\libg_nano.a(lib_a-impure.o)
                0x0000000020000098                _global_impure_ptr
 *(.gnu.linkonce.s.*)
                0x00000000200000a0                . = ALIGN (0x8)
 *fill*         0x000000002000009c        0x4 
 *(.srodata.cst16)
 *(.srodata.cst8)
 *(.srodata.cst4)
 *(.srodata.cst2)
 *(.srodata .srodata.*)
                0x00000000200000a0                . = ALIGN (0x4)
                0x00000000200000a0                PROVIDE (_edata = .)

.bss            0x00000000200000a0      0x8b8 load address 0x0000000000004800
                0x00000000200000a0                . = ALIGN (0x4)
                0x00000000200000a0                PROVIDE (_sbss = .)
 *(.sbss*)
 .sbss.s_usonic_freq_cache
                0x00000000200000a0        0x2 ./userlib/device_hw.o
 .sbss.s_usonic_on_cache
                0x00000000200000a2        0x1 ./userlib/device_hw.o
 *fill*         0x00000000200000a3        0x1 
 .sbss.dma_last_write
                0x00000000200000a4        0x2 ./userlib/usart2_dma.o
 *fill*         0x00000000200000a6        0x2 
 .sbss.g_idle_irq_cnt
                0x00000000200000a8        0x4 ./userlib/usart2_dma.o
                0x00000000200000a8                g_idle_irq_cnt
 .sbss.g_max_chunk_len
                0x00000000200000ac        0x2 ./userlib/usart2_dma.o
                0x00000000200000ac                g_max_chunk_len
 *fill*         0x00000000200000ae        0x2 
 .sbss.g_ring_overflow_cnt
                0x00000000200000b0        0x4 ./userlib/usart2_dma.o
                0x00000000200000b0                g_ring_overflow_cnt
 .sbss.MCU_Version
                0x00000000200000b4        0x1 ./Peripheral/src/ch32v20x_gpio.o
                0x00000000200000b4                MCU_Version
 *fill*         0x00000000200000b5        0x3 
 .sbss.NVIC_Priority_Group
                0x00000000200000b8        0x4 ./Peripheral/src/ch32v20x_misc.o
                0x00000000200000b8                NVIC_Priority_Group
 .sbss.p_ms     0x00000000200000bc        0x2 ./Debug/debug.o
 .sbss.p_us     0x00000000200000be        0x1 ./Debug/debug.o
 *fill*         0x00000000200000bf        0x1 
 .sbss.__malloc_free_list
                0x00000000200000c0        0x4 c:/mounriver/mounriver_studio/toolchain/risc-v embedded gcc/bin/../lib/gcc/riscv-none-embed/8.2.0/../../../../riscv-none-embed/lib/rv32imacxw/ilp32\libg_nano.a(lib_a-nano-mallocr.o)
                0x00000000200000c0                __malloc_free_list
 .sbss.__malloc_sbrk_start
                0x00000000200000c4        0x4 c:/mounriver/mounriver_studio/toolchain/risc-v embedded gcc/bin/../lib/gcc/riscv-none-embed/8.2.0/../../../../riscv-none-embed/lib/rv32imacxw/ilp32\libg_nano.a(lib_a-nano-mallocr.o)
                0x00000000200000c4                __malloc_sbrk_start
 *(.gnu.linkonce.sb.*)
 *(.bss*)
 .bss.s_report_ctx
                0x00000000200000c8       0x24 ./userlib/report_manager.o
 .bss.rx_dma_buf
                0x00000000200000ec      0x200 ./userlib/usart2_dma.o
 .bss.rx_ring   0x00000000200002ec       0x10 ./userlib/usart2_dma.o
 .bss.rx_ring_mem
                0x00000000200002fc      0x400 ./userlib/usart2_dma.o
 .bss.g_dev_cfg
                0x00000000200006fc       0x2c ./User/main.o
                0x00000000200006fc                g_dev_cfg
 .bss.g_dev_rt  0x0000000020000728       0x10 ./User/main.o
                0x0000000020000728                g_dev_rt
 .bss.g_proto   0x0000000020000738      0x11c ./User/main.o
 .bss.g_rx_chunk
                0x0000000020000854      0x100 ./User/main.o
 *(.gnu.linkonce.b.*)
 *(COMMON*)
 COMMON         0x0000000020000954        0x4 c:/mounriver/mounriver_studio/toolchain/risc-v embedded gcc/bin/../lib/gcc/riscv-none-embed/8.2.0/../../../../riscv-none-embed/lib/rv32imacxw/ilp32\libg_nano.a(lib_a-reent.o)
                0x0000000020000954                errno
                0x0000000020000958                . = ALIGN (0x4)
                0x0000000020000958                PROVIDE (_ebss = .)
                0x0000000020000958                PROVIDE (_end = _ebss)
                [!provide]                        PROVIDE (end = .)

.stack          0x0000000020004800      0x800
                0x0000000020004800                PROVIDE (_heap_end = .)
                0x0000000020004800                . = ALIGN (0x4)
                [!provide]                        PROVIDE (_susrstack = .)
                0x0000000020005000                . = (. + __stack_size)
 *fill*         0x0000000020004800      0x800 
                0x0000000020005000                PROVIDE (_eusrstack = .)
OUTPUT(app.elf elf32-littleriscv)

.debug_info     0x0000000000000000    0x15376
 .debug_info    0x0000000000000000      0x124 ./userlib/crc16.o
 .debug_info    0x0000000000000124     0x1a12 ./userlib/device_hw.o
 .debug_info    0x0000000000001b36      0xf08 ./userlib/device_logic.o
 .debug_info    0x0000000000002a3e     0x18e7 ./userlib/proto.o
 .debug_info    0x0000000000004325     0x1351 ./userlib/report_manager.o
 .debug_info    0x0000000000005676      0x3ef ./userlib/ringbuf.o
 .debug_info    0x0000000000005a65     0x1309 ./userlib/timer.o
 .debug_info    0x0000000000006d6e     0x14a8 ./userlib/usart2_dma.o
 .debug_info    0x0000000000008216      0xbc0 ./User/ch32v20x_it.o
 .debug_info    0x0000000000008dd6     0x2b76 ./User/main.o
 .debug_info    0x000000000000b94c      0xb89 ./User/system_ch32v20x.o
 .debug_info    0x000000000000c4d5       0x22 ./Startup/startup_ch32v20x_D6.o
 .debug_info    0x000000000000c4f7      0xd21 ./Peripheral/src/ch32v20x_dma.o
 .debug_info    0x000000000000d218     0x1354 ./Peripheral/src/ch32v20x_gpio.o
 .debug_info    0x000000000000e56c      0xe6c ./Peripheral/src/ch32v20x_misc.o
 .debug_info    0x000000000000f3d8     0x1273 ./Peripheral/src/ch32v20x_rcc.o
 .debug_info    0x000000000001064b     0x2abe ./Peripheral/src/ch32v20x_tim.o
 .debug_info    0x0000000000013109     0x1340 ./Peripheral/src/ch32v20x_usart.o
 .debug_info    0x0000000000014449      0xf2d ./Debug/debug.o

.debug_abbrev   0x0000000000000000     0x36e6
 .debug_abbrev  0x0000000000000000       0xa1 ./userlib/crc16.o
 .debug_abbrev  0x00000000000000a1      0x37e ./userlib/device_hw.o
 .debug_abbrev  0x000000000000041f      0x2da ./userlib/device_logic.o
 .debug_abbrev  0x00000000000006f9      0x450 ./userlib/proto.o
 .debug_abbrev  0x0000000000000b49      0x340 ./userlib/report_manager.o
 .debug_abbrev  0x0000000000000e89      0x19f ./userlib/ringbuf.o
 .debug_abbrev  0x0000000000001028      0x299 ./userlib/timer.o
 .debug_abbrev  0x00000000000012c1      0x34f ./userlib/usart2_dma.o
 .debug_abbrev  0x0000000000001610      0x22c ./User/ch32v20x_it.o
 .debug_abbrev  0x000000000000183c      0x52a ./User/main.o
 .debug_abbrev  0x0000000000001d66      0x2c0 ./User/system_ch32v20x.o
 .debug_abbrev  0x0000000000002026       0x12 ./Startup/startup_ch32v20x_D6.o
 .debug_abbrev  0x0000000000002038      0x302 ./Peripheral/src/ch32v20x_dma.o
 .debug_abbrev  0x000000000000233a      0x34b ./Peripheral/src/ch32v20x_gpio.o
 .debug_abbrev  0x0000000000002685      0x2ea ./Peripheral/src/ch32v20x_misc.o
 .debug_abbrev  0x000000000000296f      0x36b ./Peripheral/src/ch32v20x_rcc.o
 .debug_abbrev  0x0000000000002cda      0x418 ./Peripheral/src/ch32v20x_tim.o
 .debug_abbrev  0x00000000000030f2      0x312 ./Peripheral/src/ch32v20x_usart.o
 .debug_abbrev  0x0000000000003404      0x2e2 ./Debug/debug.o

.debug_loc      0x0000000000000000     0x63d4
 .debug_loc     0x0000000000000000       0xb7 ./userlib/crc16.o
 .debug_loc     0x00000000000000b7      0x47c ./userlib/device_hw.o
 .debug_loc     0x0000000000000533      0x3ef ./userlib/device_logic.o
 .debug_loc     0x0000000000000922     0x107f ./userlib/proto.o
 .debug_loc     0x00000000000019a1      0x1b3 ./userlib/report_manager.o
 .debug_loc     0x0000000000001b54      0x363 ./userlib/ringbuf.o
 .debug_loc     0x0000000000001eb7      0x130 ./userlib/usart2_dma.o
 .debug_loc     0x0000000000001fe7      0xfed ./User/main.o
 .debug_loc     0x0000000000002fd4       0xac ./User/system_ch32v20x.o
 .debug_loc     0x0000000000003080      0x155 ./Peripheral/src/ch32v20x_dma.o
 .debug_loc     0x00000000000031d5      0x8a1 ./Peripheral/src/ch32v20x_gpio.o
 .debug_loc     0x0000000000003a76       0x2d ./Peripheral/src/ch32v20x_misc.o
 .debug_loc     0x0000000000003aa3      0x797 ./Peripheral/src/ch32v20x_rcc.o
 .debug_loc     0x000000000000423a     0x190e ./Peripheral/src/ch32v20x_tim.o
 .debug_loc     0x0000000000005b48      0x715 ./Peripheral/src/ch32v20x_usart.o
 .debug_loc     0x000000000000625d      0x177 ./Debug/debug.o

.debug_aranges  0x0000000000000000      0x990
 .debug_aranges
                0x0000000000000000       0x20 ./userlib/crc16.o
 .debug_aranges
                0x0000000000000020       0x30 ./userlib/device_hw.o
 .debug_aranges
                0x0000000000000050       0x88 ./userlib/device_logic.o
 .debug_aranges
                0x00000000000000d8       0x60 ./userlib/proto.o
 .debug_aranges
                0x0000000000000138       0x60 ./userlib/report_manager.o
 .debug_aranges
                0x0000000000000198       0x40 ./userlib/ringbuf.o
 .debug_aranges
                0x00000000000001d8       0x30 ./userlib/timer.o
 .debug_aranges
                0x0000000000000208       0x38 ./userlib/usart2_dma.o
 .debug_aranges
                0x0000000000000240       0x28 ./User/ch32v20x_it.o
 .debug_aranges
                0x0000000000000268       0x58 ./User/main.o
 .debug_aranges
                0x00000000000002c0       0x28 ./User/system_ch32v20x.o
 .debug_aranges
                0x00000000000002e8       0x30 ./Startup/startup_ch32v20x_D6.o
 .debug_aranges
                0x0000000000000318       0x60 ./Peripheral/src/ch32v20x_dma.o
 .debug_aranges
                0x0000000000000378       0xb0 ./Peripheral/src/ch32v20x_gpio.o
 .debug_aranges
                0x0000000000000428       0x28 ./Peripheral/src/ch32v20x_misc.o
 .debug_aranges
                0x0000000000000450      0x130 ./Peripheral/src/ch32v20x_rcc.o
 .debug_aranges
                0x0000000000000580      0x2d0 ./Peripheral/src/ch32v20x_tim.o
 .debug_aranges
                0x0000000000000850       0xf0 ./Peripheral/src/ch32v20x_usart.o
 .debug_aranges
                0x0000000000000940       0x50 ./Debug/debug.o

.debug_ranges   0x0000000000000000     0x1120
 .debug_ranges  0x0000000000000000       0x60 ./userlib/crc16.o
 .debug_ranges  0x0000000000000060       0x98 ./userlib/device_hw.o
 .debug_ranges  0x00000000000000f8       0xa8 ./userlib/device_logic.o
 .debug_ranges  0x00000000000001a0      0x2c8 ./userlib/proto.o
 .debug_ranges  0x0000000000000468       0x80 ./userlib/report_manager.o
 .debug_ranges  0x00000000000004e8       0xd0 ./userlib/ringbuf.o
 .debug_ranges  0x00000000000005b8       0x20 ./userlib/timer.o
 .debug_ranges  0x00000000000005d8       0x80 ./userlib/usart2_dma.o
 .debug_ranges  0x0000000000000658       0x18 ./User/ch32v20x_it.o
 .debug_ranges  0x0000000000000670      0x3e8 ./User/main.o
 .debug_ranges  0x0000000000000a58       0x38 ./User/system_ch32v20x.o
 .debug_ranges  0x0000000000000a90       0x28 ./Startup/startup_ch32v20x_D6.o
 .debug_ranges  0x0000000000000ab8       0x50 ./Peripheral/src/ch32v20x_dma.o
 .debug_ranges  0x0000000000000b08       0xa0 ./Peripheral/src/ch32v20x_gpio.o
 .debug_ranges  0x0000000000000ba8       0x48 ./Peripheral/src/ch32v20x_misc.o
 .debug_ranges  0x0000000000000bf0      0x120 ./Peripheral/src/ch32v20x_rcc.o
 .debug_ranges  0x0000000000000d10      0x2f0 ./Peripheral/src/ch32v20x_tim.o
 .debug_ranges  0x0000000000001000       0xe0 ./Peripheral/src/ch32v20x_usart.o
 .debug_ranges  0x00000000000010e0       0x40 ./Debug/debug.o

.debug_line     0x0000000000000000     0xe7d4
 .debug_line    0x0000000000000000      0x25a ./userlib/crc16.o
 .debug_line    0x000000000000025a      0x980 ./userlib/device_hw.o
 .debug_line    0x0000000000000bda      0xa9d ./userlib/device_logic.o
 .debug_line    0x0000000000001677     0x1424 ./userlib/proto.o
 .debug_line    0x0000000000002a9b      0x9ef ./userlib/report_manager.o
 .debug_line    0x000000000000348a      0x5e8 ./userlib/ringbuf.o
 .debug_line    0x0000000000003a72      0x555 ./userlib/timer.o
 .debug_line    0x0000000000003fc7      0x90c ./userlib/usart2_dma.o
 .debug_line    0x00000000000048d3      0x2a4 ./User/ch32v20x_it.o
 .debug_line    0x0000000000004b77     0x1ab0 ./User/main.o
 .debug_line    0x0000000000006627      0x6ae ./User/system_ch32v20x.o
 .debug_line    0x0000000000006cd5      0x121 ./Startup/startup_ch32v20x_D6.o
 .debug_line    0x0000000000006df6      0x7b8 ./Peripheral/src/ch32v20x_dma.o
 .debug_line    0x00000000000075ae     0x160c ./Peripheral/src/ch32v20x_gpio.o
 .debug_line    0x0000000000008bba      0x3de ./Peripheral/src/ch32v20x_misc.o
 .debug_line    0x0000000000008f98     0x1194 ./Peripheral/src/ch32v20x_rcc.o
 .debug_line    0x000000000000a12c     0x30f1 ./Peripheral/src/ch32v20x_tim.o
 .debug_line    0x000000000000d21d      0xe77 ./Peripheral/src/ch32v20x_usart.o
 .debug_line    0x000000000000e094      0x740 ./Debug/debug.o

.debug_str      0x0000000000000000     0x3260
 .debug_str     0x0000000000000000      0x172 ./userlib/crc16.o
                                        0x1c3 (size before relaxing)
 .debug_str     0x0000000000000172      0xb26 ./userlib/device_hw.o
                                        0xd22 (size before relaxing)
 .debug_str     0x0000000000000c98      0x13e ./userlib/device_logic.o
                                        0x8ae (size before relaxing)
 .debug_str     0x0000000000000dd6      0x2e2 ./userlib/proto.o
                                        0x8fa (size before relaxing)
 .debug_str     0x00000000000010b8      0x25a ./userlib/report_manager.o
                                        0xba6 (size before relaxing)
 .debug_str     0x0000000000001312       0x6e ./userlib/ringbuf.o
                                        0x23a (size before relaxing)
 .debug_str     0x0000000000001380      0x422 ./userlib/timer.o
                                        0xd89 (size before relaxing)
 .debug_str     0x00000000000017a2      0x2ad ./userlib/usart2_dma.o
                                        0xe51 (size before relaxing)
 .debug_str     0x0000000000001a4f       0x9c ./User/ch32v20x_it.o
                                        0x682 (size before relaxing)
 .debug_str     0x0000000000001aeb      0x251 ./User/main.o
                                        0xf45 (size before relaxing)
 .debug_str     0x0000000000001d3c       0xf5 ./User/system_ch32v20x.o
                                        0x6c9 (size before relaxing)
 .debug_str     0x0000000000001e31       0x2d ./Startup/startup_ch32v20x_D6.o
                                         0x66 (size before relaxing)
 .debug_str     0x0000000000001e5e      0x108 ./Peripheral/src/ch32v20x_dma.o
                                        0x7f0 (size before relaxing)
 .debug_str     0x0000000000001f66      0x260 ./Peripheral/src/ch32v20x_gpio.o
                                        0x9b9 (size before relaxing)
 .debug_str     0x00000000000021c6       0x9c ./Peripheral/src/ch32v20x_misc.o
                                        0xa7b (size before relaxing)
 .debug_str     0x0000000000002262      0x3aa ./Peripheral/src/ch32v20x_rcc.o
                                        0xacb (size before relaxing)
 .debug_str     0x000000000000260c      0x8c4 ./Peripheral/src/ch32v20x_tim.o
                                       0x12b6 (size before relaxing)
 .debug_str     0x0000000000002ed0      0x2f6 ./Peripheral/src/ch32v20x_usart.o
                                        0xae7 (size before relaxing)
 .debug_str     0x00000000000031c6       0x9a ./Debug/debug.o
                                        0x90e (size before relaxing)

.comment        0x0000000000000000       0x33
 .comment       0x0000000000000000       0x33 ./userlib/crc16.o
                                         0x34 (size before relaxing)
 .comment       0x0000000000000033       0x34 ./userlib/device_hw.o
 .comment       0x0000000000000033       0x34 ./userlib/device_logic.o
 .comment       0x0000000000000033       0x34 ./userlib/proto.o
 .comment       0x0000000000000033       0x34 ./userlib/report_manager.o
 .comment       0x0000000000000033       0x34 ./userlib/ringbuf.o
 .comment       0x0000000000000033       0x34 ./userlib/timer.o
 .comment       0x0000000000000033       0x34 ./userlib/usart2_dma.o
 .comment       0x0000000000000033       0x34 ./User/ch32v20x_it.o
 .comment       0x0000000000000033       0x34 ./User/main.o
 .comment       0x0000000000000033       0x34 ./User/system_ch32v20x.o
 .comment       0x0000000000000033       0x34 ./Peripheral/src/ch32v20x_dma.o
 .comment       0x0000000000000033       0x34 ./Peripheral/src/ch32v20x_gpio.o
 .comment       0x0000000000000033       0x34 ./Peripheral/src/ch32v20x_misc.o
 .comment       0x0000000000000033       0x34 ./Peripheral/src/ch32v20x_rcc.o
 .comment       0x0000000000000033       0x34 ./Peripheral/src/ch32v20x_tim.o
 .comment       0x0000000000000033       0x34 ./Peripheral/src/ch32v20x_usart.o
 .comment       0x0000000000000033       0x34 ./Debug/debug.o

.debug_frame    0x0000000000000000     0x2034
 .debug_frame   0x0000000000000000       0x20 ./userlib/crc16.o
 .debug_frame   0x0000000000000020       0x98 ./userlib/device_hw.o
 .debug_frame   0x00000000000000b8       0xf0 ./userlib/device_logic.o
 .debug_frame   0x00000000000001a8      0x184 ./userlib/proto.o
 .debug_frame   0x000000000000032c      0x10c ./userlib/report_manager.o
 .debug_frame   0x0000000000000438       0x90 ./userlib/ringbuf.o
 .debug_frame   0x00000000000004c8       0x74 ./userlib/timer.o
 .debug_frame   0x000000000000053c       0xa8 ./userlib/usart2_dma.o
 .debug_frame   0x00000000000005e4       0x30 ./User/ch32v20x_it.o
 .debug_frame   0x0000000000000614      0x160 ./User/main.o
 .debug_frame   0x0000000000000774       0x3c ./User/system_ch32v20x.o
 .debug_frame   0x00000000000007b0       0xcc ./Peripheral/src/ch32v20x_dma.o
 .debug_frame   0x000000000000087c      0x170 ./Peripheral/src/ch32v20x_gpio.o
 .debug_frame   0x00000000000009ec       0x30 ./Peripheral/src/ch32v20x_misc.o
 .debug_frame   0x0000000000000a1c      0x254 ./Peripheral/src/ch32v20x_rcc.o
 .debug_frame   0x0000000000000c70      0x614 ./Peripheral/src/ch32v20x_tim.o
 .debug_frame   0x0000000000001284      0x1e4 ./Peripheral/src/ch32v20x_usart.o
 .debug_frame   0x0000000000001468       0xb8 ./Debug/debug.o
 .debug_frame   0x0000000000001520       0x20 c:/mounriver/mounriver_studio/toolchain/risc-v embedded gcc/bin/../lib/gcc/riscv-none-embed/8.2.0/../../../../riscv-none-embed/lib/rv32imacxw/ilp32\libg_nano.a(lib_a-memcmp.o)
 .debug_frame   0x0000000000001540       0x20 c:/mounriver/mounriver_studio/toolchain/risc-v embedded gcc/bin/../lib/gcc/riscv-none-embed/8.2.0/../../../../riscv-none-embed/lib/rv32imacxw/ilp32\libg_nano.a(lib_a-memcpy.o)
 .debug_frame   0x0000000000001560       0x20 c:/mounriver/mounriver_studio/toolchain/risc-v embedded gcc/bin/../lib/gcc/riscv-none-embed/8.2.0/../../../../riscv-none-embed/lib/rv32imacxw/ilp32\libg_nano.a(lib_a-memmove.o)
 .debug_frame   0x0000000000001580       0x54 c:/mounriver/mounriver_studio/toolchain/risc-v embedded gcc/bin/../lib/gcc/riscv-none-embed/8.2.0/../../../../riscv-none-embed/lib/rv32imacxw/ilp32\libg_nano.a(lib_a-printf.o)
 .debug_frame   0x00000000000015d4       0x54 c:/mounriver/mounriver_studio/toolchain/risc-v embedded gcc/bin/../lib/gcc/riscv-none-embed/8.2.0/../../../../riscv-none-embed/lib/rv32imacxw/ilp32\libg_nano.a(lib_a-puts.o)
 .debug_frame   0x0000000000001628       0x60 c:/mounriver/mounriver_studio/toolchain/risc-v embedded gcc/bin/../lib/gcc/riscv-none-embed/8.2.0/../../../../riscv-none-embed/lib/rv32imacxw/ilp32\libg_nano.a(lib_a-snprintf.o)
 .debug_frame   0x0000000000001688       0x50 c:/mounriver/mounriver_studio/toolchain/risc-v embedded gcc/bin/../lib/gcc/riscv-none-embed/8.2.0/../../../../riscv-none-embed/lib/rv32imacxw/ilp32\libg_nano.a(lib_a-wbuf.o)
 .debug_frame   0x00000000000016d8       0x3c c:/mounriver/mounriver_studio/toolchain/risc-v embedded gcc/bin/../lib/gcc/riscv-none-embed/8.2.0/../../../../riscv-none-embed/lib/rv32imacxw/ilp32\libg_nano.a(lib_a-wsetup.o)
 .debug_frame   0x0000000000001714       0x7c c:/mounriver/mounriver_studio/toolchain/risc-v embedded gcc/bin/../lib/gcc/riscv-none-embed/8.2.0/../../../../riscv-none-embed/lib/rv32imacxw/ilp32\libg_nano.a(lib_a-fflush.o)
 .debug_frame   0x0000000000001790      0x148 c:/mounriver/mounriver_studio/toolchain/risc-v embedded gcc/bin/../lib/gcc/riscv-none-embed/8.2.0/../../../../riscv-none-embed/lib/rv32imacxw/ilp32\libg_nano.a(lib_a-findfp.o)
 .debug_frame   0x00000000000018d8       0x88 c:/mounriver/mounriver_studio/toolchain/risc-v embedded gcc/bin/../lib/gcc/riscv-none-embed/8.2.0/../../../../riscv-none-embed/lib/rv32imacxw/ilp32\libg_nano.a(lib_a-fwalk.o)
 .debug_frame   0x0000000000001960       0x64 c:/mounriver/mounriver_studio/toolchain/risc-v embedded gcc/bin/../lib/gcc/riscv-none-embed/8.2.0/../../../../riscv-none-embed/lib/rv32imacxw/ilp32\libg_nano.a(lib_a-makebuf.o)
 .debug_frame   0x00000000000019c4       0x40 c:/mounriver/mounriver_studio/toolchain/risc-v embedded gcc/bin/../lib/gcc/riscv-none-embed/8.2.0/../../../../riscv-none-embed/lib/rv32imacxw/ilp32\libg_nano.a(lib_a-nano-freer.o)
 .debug_frame   0x0000000000001a04       0x40 c:/mounriver/mounriver_studio/toolchain/risc-v embedded gcc/bin/../lib/gcc/riscv-none-embed/8.2.0/../../../../riscv-none-embed/lib/rv32imacxw/ilp32\libg_nano.a(lib_a-nano-mallocr.o)
 .debug_frame   0x0000000000001a44       0xe0 c:/mounriver/mounriver_studio/toolchain/risc-v embedded gcc/bin/../lib/gcc/riscv-none-embed/8.2.0/../../../../riscv-none-embed/lib/rv32imacxw/ilp32\libg_nano.a(lib_a-nano-svfprintf.o)
 .debug_frame   0x0000000000001b24       0xd0 c:/mounriver/mounriver_studio/toolchain/risc-v embedded gcc/bin/../lib/gcc/riscv-none-embed/8.2.0/../../../../riscv-none-embed/lib/rv32imacxw/ilp32\libg_nano.a(lib_a-nano-vfprintf.o)
 .debug_frame   0x0000000000001bf4       0x8c c:/mounriver/mounriver_studio/toolchain/risc-v embedded gcc/bin/../lib/gcc/riscv-none-embed/8.2.0/../../../../riscv-none-embed/lib/rv32imacxw/ilp32\libg_nano.a(lib_a-nano-vfprintf_i.o)
 .debug_frame   0x0000000000001c80       0x30 c:/mounriver/mounriver_studio/toolchain/risc-v embedded gcc/bin/../lib/gcc/riscv-none-embed/8.2.0/../../../../riscv-none-embed/lib/rv32imacxw/ilp32\libg_nano.a(lib_a-sbrkr.o)
 .debug_frame   0x0000000000001cb0       0xa4 c:/mounriver/mounriver_studio/toolchain/risc-v embedded gcc/bin/../lib/gcc/riscv-none-embed/8.2.0/../../../../riscv-none-embed/lib/rv32imacxw/ilp32\libg_nano.a(lib_a-stdio.o)
 .debug_frame   0x0000000000001d54       0x30 c:/mounriver/mounriver_studio/toolchain/risc-v embedded gcc/bin/../lib/gcc/riscv-none-embed/8.2.0/../../../../riscv-none-embed/lib/rv32imacxw/ilp32\libg_nano.a(lib_a-writer.o)
 .debug_frame   0x0000000000001d84       0x30 c:/mounriver/mounriver_studio/toolchain/risc-v embedded gcc/bin/../lib/gcc/riscv-none-embed/8.2.0/../../../../riscv-none-embed/lib/rv32imacxw/ilp32\libg_nano.a(lib_a-closer.o)
 .debug_frame   0x0000000000001db4       0x30 c:/mounriver/mounriver_studio/toolchain/risc-v embedded gcc/bin/../lib/gcc/riscv-none-embed/8.2.0/../../../../riscv-none-embed/lib/rv32imacxw/ilp32\libg_nano.a(lib_a-fstatr.o)
 .debug_frame   0x0000000000001de4       0x30 c:/mounriver/mounriver_studio/toolchain/risc-v embedded gcc/bin/../lib/gcc/riscv-none-embed/8.2.0/../../../../riscv-none-embed/lib/rv32imacxw/ilp32\libg_nano.a(lib_a-isattyr.o)
 .debug_frame   0x0000000000001e14       0x30 c:/mounriver/mounriver_studio/toolchain/risc-v embedded gcc/bin/../lib/gcc/riscv-none-embed/8.2.0/../../../../riscv-none-embed/lib/rv32imacxw/ilp32\libg_nano.a(lib_a-lseekr.o)
 .debug_frame   0x0000000000001e44       0x20 c:/mounriver/mounriver_studio/toolchain/risc-v embedded gcc/bin/../lib/gcc/riscv-none-embed/8.2.0/../../../../riscv-none-embed/lib/rv32imacxw/ilp32\libg_nano.a(lib_a-memchr.o)
 .debug_frame   0x0000000000001e64       0x30 c:/mounriver/mounriver_studio/toolchain/risc-v embedded gcc/bin/../lib/gcc/riscv-none-embed/8.2.0/../../../../riscv-none-embed/lib/rv32imacxw/ilp32\libg_nano.a(lib_a-mlock.o)
 .debug_frame   0x0000000000001e94       0x40 c:/mounriver/mounriver_studio/toolchain/risc-v embedded gcc/bin/../lib/gcc/riscv-none-embed/8.2.0/../../../../riscv-none-embed/lib/rv32imacxw/ilp32\libg_nano.a(lib_a-nano-reallocr.o)
 .debug_frame   0x0000000000001ed4       0x30 c:/mounriver/mounriver_studio/toolchain/risc-v embedded gcc/bin/../lib/gcc/riscv-none-embed/8.2.0/../../../../riscv-none-embed/lib/rv32imacxw/ilp32\libg_nano.a(lib_a-readr.o)
 .debug_frame   0x0000000000001f04       0x70 c:/mounriver/mounriver_studio/toolchain/risc-v embedded gcc/bin/../lib/gcc/riscv-none-embed/8.2.0/../../../../riscv-none-embed/lib/rv32imacxw/ilp32\libg_nano.a(lib_a-reent.o)
 .debug_frame   0x0000000000001f74       0x20 c:/mounriver/mounriver_studio/toolchain/risc-v embedded gcc/bin/../lib/gcc/riscv-none-embed/8.2.0/../../../../riscv-none-embed/lib/rv32imacxw/ilp32\libg_nano.a(lib_a-nano-msizer.o)
 .debug_frame   0x0000000000001f94       0x20 c:/mounriver/mounriver_studio/toolchain/risc-v embedded gcc/bin/../lib/gcc/riscv-none-embed/8.2.0/../../../../riscv-none-embed/lib/rv32imacxw/ilp32\libnosys.a(close.o)
 .debug_frame   0x0000000000001fb4       0x20 c:/mounriver/mounriver_studio/toolchain/risc-v embedded gcc/bin/../lib/gcc/riscv-none-embed/8.2.0/../../../../riscv-none-embed/lib/rv32imacxw/ilp32\libnosys.a(fstat.o)
 .debug_frame   0x0000000000001fd4       0x20 c:/mounriver/mounriver_studio/toolchain/risc-v embedded gcc/bin/../lib/gcc/riscv-none-embed/8.2.0/../../../../riscv-none-embed/lib/rv32imacxw/ilp32\libnosys.a(isatty.o)
 .debug_frame   0x0000000000001ff4       0x20 c:/mounriver/mounriver_studio/toolchain/risc-v embedded gcc/bin/../lib/gcc/riscv-none-embed/8.2.0/../../../../riscv-none-embed/lib/rv32imacxw/ilp32\libnosys.a(lseek.o)
 .debug_frame   0x0000000000002014       0x20 c:/mounriver/mounriver_studio/toolchain/risc-v embedded gcc/bin/../lib/gcc/riscv-none-embed/8.2.0/../../../../riscv-none-embed/lib/rv32imacxw/ilp32\libnosys.a(read.o)

.stab           0x0000000000000000       0x84
 .stab          0x0000000000000000       0x24 c:/mounriver/mounriver_studio/toolchain/risc-v embedded gcc/bin/../lib/gcc/riscv-none-embed/8.2.0/../../../../riscv-none-embed/lib/rv32imacxw/ilp32\libnosys.a(close.o)
 .stab          0x0000000000000024       0x18 c:/mounriver/mounriver_studio/toolchain/risc-v embedded gcc/bin/../lib/gcc/riscv-none-embed/8.2.0/../../../../riscv-none-embed/lib/rv32imacxw/ilp32\libnosys.a(fstat.o)
                                         0x24 (size before relaxing)
 .stab          0x000000000000003c       0x18 c:/mounriver/mounriver_studio/toolchain/risc-v embedded gcc/bin/../lib/gcc/riscv-none-embed/8.2.0/../../../../riscv-none-embed/lib/rv32imacxw/ilp32\libnosys.a(isatty.o)
                                         0x24 (size before relaxing)
 .stab          0x0000000000000054       0x18 c:/mounriver/mounriver_studio/toolchain/risc-v embedded gcc/bin/../lib/gcc/riscv-none-embed/8.2.0/../../../../riscv-none-embed/lib/rv32imacxw/ilp32\libnosys.a(lseek.o)
                                         0x24 (size before relaxing)
 .stab          0x000000000000006c       0x18 c:/mounriver/mounriver_studio/toolchain/risc-v embedded gcc/bin/../lib/gcc/riscv-none-embed/8.2.0/../../../../riscv-none-embed/lib/rv32imacxw/ilp32\libnosys.a(read.o)
                                         0x24 (size before relaxing)

.stabstr        0x0000000000000000      0x117
 .stabstr       0x0000000000000000      0x117 c:/mounriver/mounriver_studio/toolchain/risc-v embedded gcc/bin/../lib/gcc/riscv-none-embed/8.2.0/../../../../riscv-none-embed/lib/rv32imacxw/ilp32\libnosys.a(close.o)
